Archive member included to satisfy reference by file (symbol)

/opt/devkitpro/libnds/lib/libnds9.a(background.o)
                              graphics.o (bgTransform)
/opt/devkitpro/libnds/lib/libnds9.a(trig.o)
                              /opt/devkitpro/libnds/lib/libnds9.a(background.o) (sinLerp)
/opt/devkitpro/libnds/lib/libnds9.a(touch.o)
                              controls.o (touchRead)
/opt/devkitpro/libnds/lib/libnds9.a(sassert.o)
                              controls.o (__sassert)
/opt/devkitpro/libnds/lib/libnds9.a(sprite_alloc.o)
                              controls.o (oamAllocateGfx)
/opt/devkitpro/libnds/lib/libnds9.a(console.o)
                              main.o (consoleDemoInit)
/opt/devkitpro/libnds/lib/libnds9.a(videoGL.o)
                              controls.o (glGlobalData)
/opt/devkitpro/libnds/lib/libnds9.a(sprite.o)
                              graphics.o (oamInit)
/opt/devkitpro/libnds/lib/libnds9.a(keys.o)
                              controls.o (scanKeys)
/opt/devkitpro/libnds/lib/libnds9.a(initSystem.o)
                              /opt/devkitpro/devkitARM/bin/../lib/gcc/arm-none-eabi/13.2.0/../../../../arm-none-eabi/lib/ds_arm9_crt0.o (initSystem)
/opt/devkitpro/libnds/lib/libnds9.a(securearea.o)
                              /opt/devkitpro/devkitARM/bin/../lib/gcc/arm-none-eabi/13.2.0/../../../../arm-none-eabi/lib/ds_arm9_crt0.o (__secure_area__)
/opt/devkitpro/libnds/lib/libnds9.a(interrupts.o)
                              controls.o (irqSet)
/opt/devkitpro/libnds/lib/libnds9.a(libnds_exit.arm.o)
                              /opt/devkitpro/devkitARM/bin/../lib/gcc/arm-none-eabi/13.2.0/../../../../arm-none-eabi/lib/ds_arm9_crt0.o (__libnds_exit)
/opt/devkitpro/libnds/lib/libnds9.a(fifosystem.o)
                              /opt/devkitpro/libnds/lib/libnds9.a(initSystem.o) (fifoSetValue32Handler)
/opt/devkitpro/libnds/lib/libnds9.a(dcache.o)
                              /opt/devkitpro/libnds/lib/libnds9.a(sprite.o) (DC_FlushRange)
/opt/devkitpro/libnds/lib/libnds9.a(mpu_setup.o)
                              /opt/devkitpro/devkitARM/bin/../lib/gcc/arm-none-eabi/13.2.0/../../../../arm-none-eabi/lib/ds_arm9_crt0.o (__libnds_mpu_setup)
/opt/devkitpro/libnds/lib/libnds9.a(IntrWait.o)
                              main.o (swiWaitForVBlank)
/opt/devkitpro/libnds/lib/libnds9.a(cpu_clock.o)
                              /opt/devkitpro/libnds/lib/libnds9.a(initSystem.o) (setCpuClock)
/opt/devkitpro/libnds/lib/libnds9.a(interruptDispatcher.o)
                              /opt/devkitpro/libnds/lib/libnds9.a(interrupts.o) (IntrMain)
/opt/devkitpro/libnds/lib/libnds9.a(biosCalls.o)
                              /opt/devkitpro/libnds/lib/libnds9.a(videoGL.o) (swiCopy)
/opt/devkitpro/libnds/lib/libnds9.a(debugprint.o)
                              /opt/devkitpro/libnds/lib/libnds9.a(console.o) (nocashWrite)
/opt/devkitpro/libnds/lib/libnds9.a(swiSoftReset.o)
                              /opt/devkitpro/libnds/lib/libnds9.a(fifosystem.o) (swiSoftReset)
/opt/devkitpro/libnds/lib/libnds9.a(default_font.bin.o)
                              /opt/devkitpro/libnds/lib/libnds9.a(console.o) (default_font_bin)
/opt/devkitpro/libnds/lib/libnds9.a(dynamicArray.o)
                              /opt/devkitpro/libnds/lib/libnds9.a(videoGL.o) (DynamicArrayInit)
/opt/devkitpro/libnds/lib/libnds9.a(video.o)
                              /opt/devkitpro/libnds/lib/libnds9.a(videoGL.o) (vramSetBanks_EFG)
/opt/devkitpro/libnds/lib/libnds9.a(system.o)
                              /opt/devkitpro/libnds/lib/libnds9.a(initSystem.o) (systemValueHandler)
/opt/devkitpro/libnds/lib/libmm9.a(mm_comms.o)
                              controls.o (mmStart)
/opt/devkitpro/libnds/lib/libmm9.a(mm_memory.o)
                              audio.o (mmLoad)
/opt/devkitpro/libnds/lib/libmm9.a(mm_main9.o)
                              /opt/devkitpro/libnds/lib/libmm9.a(mm_memory.o) (mmcbMemory)
/opt/devkitpro/libnds/lib/libmm9.a(mm_soundbank.o)
                              /opt/devkitpro/libnds/lib/libmm9.a(mm_main9.o) (mmSoundBankInMemory)
/opt/devkitpro/libnds/lib/libmm9.a(mm_flusher.o)
                              /opt/devkitpro/libnds/lib/libmm9.a(mm_memory.o) (mmFlushBank)
/opt/devkitpro/devkitARM/bin/../lib/gcc/arm-none-eabi/13.2.0/libgcc.a(_arm_mulsf3.o)
                              controls.o (__aeabi_fmul)
/opt/devkitpro/devkitARM/bin/../lib/gcc/arm-none-eabi/13.2.0/libgcc.a(_divsi3.o)
                              controls.o (__aeabi_idivmod)
/opt/devkitpro/devkitARM/bin/../lib/gcc/arm-none-eabi/13.2.0/libgcc.a(_dvmd_tls.o)
                              /opt/devkitpro/devkitARM/bin/../lib/gcc/arm-none-eabi/13.2.0/libgcc.a(_divsi3.o) (__aeabi_idiv0)
/opt/devkitpro/devkitARM/bin/../lib/gcc/arm-none-eabi/13.2.0/libgcc.a(_arm_addsubdf3.o)
                              controls.o (__aeabi_dadd)
/opt/devkitpro/devkitARM/bin/../lib/gcc/arm-none-eabi/13.2.0/libgcc.a(_arm_truncdfsf2.o)
[...]
Memory Configuration

Name             Origin             Length             Attributes
ewram            0x02000000         0x00380000
dtcm             0x02ff0000         0x00004000
vectors          0x01000000         0x00000100
itcm             0x01000100         0x00007f00
*default*        0x00000000         0xffffffff

Linker script and memory map

                0x02380000                        __ewram_end = (ORIGIN (ewram) + LENGTH (ewram))
                0x02380000                        __eheap_end = (ORIGIN (ewram) + LENGTH (ewram))
                0x02ff4000                        __dtcm_top = (ORIGIN (dtcm) + LENGTH (dtcm))
                0x02ff3ff8                        __irq_flags = (__dtcm_top - 0x8)
                0x02ff3ffc                        __irq_vector = (__dtcm_top - 0x4)
                0x02ff3f00                        __sp_svc = (__dtcm_top - 0x100)
                0x02ff3e00                        __sp_irq = (__sp_svc - 0x100)
                0x02ff3d00                        __sp_usr = (__sp_irq - 0x100)

.secure         0x02000000      0x800
 *(.secure)
 .secure        0x02000000      0x800 /opt/devkitpro/libnds/lib/libnds9.a(securearea.o)
                0x02000000                __secure_area__

.crt0           0x02000800      0x300
                0x02000800                        __text_start = .
 *(.crt0)
 .crt0          0x02000800      0x300 /opt/devkitpro/devkitARM/bin/../lib/gcc/arm-none-eabi/13.2.0/../../../../arm-none-eabi/lib/ds_arm9_crt0.o
                0x02000800                _start
                0x02000b00                        . = ALIGN (0x4)

.plt
 *(.plt)

.init           0x02000b00       0x18
 *(SORT_NONE(.init))
 .init          0x02000b00        0xc /opt/devkitpro/devkitARM/bin/../lib/gcc/arm-none-eabi/13.2.0/crti.o
                0x02000b00                _init
 .init          0x02000b0c        0xc /opt/devkitpro/devkitARM/bin/../lib/gcc/arm-none-eabi/13.2.0/crtn.o

.text           0x02000b18    0x11838
 *(EXCLUDE_FILE(*.twl* *.vectors* *.itcm*) .text)
 .text          0x02000b18     0x27a8 controls.o
                0x02000c74                ISR_Timer0
                0x02000da8                start_game
                0x02000e04                handle_menu
                0x02001098                handle_game
                0x02002250                scanKeysAndAnimate
                0x02002338                updatePlayerPosition
                0x020023b8                updateCoins
                0x02002510                updateBackground
                0x0200255c                updateTree
                0x020026b4                updateObstacles
                0x02002840                handleGameEnd
                0x020029b8                detectCollisions
                0x02002c2c                resetCoinPositionAndSize
                0x02002d30                checkCoinCollision
                0x02002dfc                handleCoinCatch
                0x02002ee4                resetTreePositionAndSize
                0x02003038                resetRockPositionAndSize
                0x0200313c                checkRockCollision
                0x02003208                resetTemple
 .text          0x020032c0       0x50 audio.o
                0x020032c0                audio_initialization
 .text          0x02003310      0x144 main.o
                0x0200337c                main
 .text          0x02003454       0xc0 timer_management.o
                0x02003454                ISR_TIMER2
                0x020034a0                wait_3s
 .text          0x02003514      0x6e0 graphics.o
                0x02003580                graphics_intro
                0x02003618                graphics_setup_menu_main
                0x02003684                graphics_setup_menu_sub
                0x020037c8                graphics_game_init
                0x02003a44                graphics_game_over
                0x02003ae8                graphics_menu_coins
 .text          0x02003bf4      0x24c /opt/devkitpro/libnds/lib/libmm9.a(mm_comms.o)
                0x02003bf4                mmSetupComms
                0x02003c46                mmSendBank
                0x02003c50                mmLockChannels
                0x02003c56                mmUnlockChannels
                0x02003c5c                mmStart
                0x02003c66                mmPause
                0x02003c6a                mmResume
                0x02003c6e                mmStop
                0x02003c72                mmPosition
                0x02003c76                mmJingle
                0x02003c7a                mmSetModuleVolume
                0x02003c7e                mmSetJingleVolume
                0x02003c82                mmSetModuleTempo
                0x02003c86                mmSetModulePitch
                0x02003c8a                mmSetEffectsVolume
                0x02003c8e                mmSelectMode
                0x02003c92                mmStreamBegin
                0x02003ca6                mmStreamEnd
                0x02003cfc                mmEffect
                0x02003d20                mmEffectVolume
                0x02003d24                mmEffectPanning
                0x02003d28                mmEffectRate
                0x02003d32                mmEffectScaleRate
                0x02003d3c                mmEffectRelease
                0x02003d42                mmEffectCancel
                0x02003d48                mmEffectEx
                0x02003d86                mmEffectCancelAll
                0x02003d8a                mmReverbEnable
                0x02003d8e                mmReverbDisable
                0x02003d92                mmReverbConfigure
                0x02003dee                mmReverbStart
                0x02003df2                mmReverbStop
 .text          0x02003e40      0x120 /opt/devkitpro/libnds/lib/libmm9.a(mm_memory.o)
                0x02003e40                mmLoad
                0x02003e90                mmUnload
                0x02003ee8                mmLoadEffect
                0x02003f20                mmUnloadEffect
 .text          0x02003f60      0x108 /opt/devkitpro/libnds/lib/libmm9.a(mm_main9.o)
                0x02003f60                mmActive
                0x02003f66                mmSetEventHandler
                0x02003f6c                mmInit
                0x02003f96                mmInitDefault
                0x02003fe0                mmInitDefaultMem
                0x02004002                mmSuspendIRQ_t
                0x02004020                mmRestoreIRQ_t
 .text          0x02004068      0x100 /opt/devkitpro/libnds/lib/libmm9.a(mm_soundbank.o)
                0x02004068                mmSoundBankInMemory
                0x02004070                mmSoundBankInFiles
                0x02004082                mmSetCustomSoundBankHandler
                0x020040ae                mmsHandleFileOp
 .text          0x02004168       0x3c /opt/devkitpro/libnds/lib/libmm9.a(mm_flusher.o)
                0x02004168                mmFlushBank
 .text          0x020041a4      0x148 /opt/devkitpro/devkitARM/bin/../lib/gcc/arm-none-eabi/13.2.0/libgcc.a(_divsi3.o)
                0x020041a4                __aeabi_idiv
                0x020041a4                __divsi3
                0x020042cc                __aeabi_idivmod
 .text          0x020042ec        0x4 /opt/devkitpro/devkitARM/bin/../lib/gcc/arm-none-eabi/13.2.0/libgcc.a(_dvmd_tls.o)
                0x020042ec                __aeabi_ldiv0
                0x020042ec                __aeabi_idiv0
 .text          0x020042f0      0x424 /opt/devkitpro/devkitARM/bin/../lib/gcc/arm-none-eabi/13.2.0/libgcc.a(_arm_addsubdf3.o)
                0x020042f0                __aeabi_drsub
                0x020042f8                __aeabi_dsub
                0x020042f8                __subdf3
                0x020042fc                __adddf3
                0x020042fc                __aeabi_dadd
                0x0200460c                __aeabi_ui2d
                0x0200460c                __floatunsidf
                0x02004630                __floatsidf
                0x02004630                __aeabi_i2d
                0x02004658                __extendsfdf2
                0x02004658                __aeabi_f2d
                0x020046a0                __aeabi_ul2d
                0x020046a0                __floatundidf
                0x020046b4                __floatdidf
                0x020046b4                __aeabi_l2d
 .text          0x02004714       0xa0 /opt/devkitpro/devkitARM/bin/../lib/gcc/arm-none-eabi/13.2.0/libgcc.a(_arm_truncdfsf2.o)
                0x02004714                __aeabi_d2f
                0x02004714                __truncdfsf2
 .text          0x020047b4      0x2ac /opt/devkitpro/devkitARM/bin/../lib/gcc/arm-none-eabi/13.2.0/libgcc.a(_arm_addsubsf3.o)
                0x020047b4                __aeabi_frsub
                0x020047bc                __subsf3
                0x020047bc                __aeabi_fsub
                0x020047c0                __aeabi_fadd
                0x020047c0                __addsf3
                0x0200497c                __aeabi_ui2f
                0x0200497c                __floatunsisf
                0x02004984                __aeabi_i2f
                0x02004984                __floatsisf
                0x020049a4                __floatundisf
                0x020049a4                __aeabi_ul2f
                0x020049b4                __floatdisf
                0x020049b4                __aeabi_l2f
 .text          0x02004a60      0x2f8 /opt/devkitpro/devkitARM/bin/../lib/gcc/arm-none-eabi/13.2.0/libgcc.a(_arm_muldivsf3.o)
                0x02004a60                __mulsf3
                0x02004a60                __aeabi_fmul
                0x02004bf8                __divsf3
                0x02004bf8                __aeabi_fdiv
 .text          0x02004d58      0x114 /opt/devkitpro/devkitARM/bin/../lib/gcc/arm-none-eabi/13.2.0/libgcc.a(_arm_cmpsf2.o)
                0x02004d58                __gtsf2
                0x02004d58                __gesf2
                0x02004d60                __lesf2
                0x02004d60                __ltsf2
                0x02004d68                __nesf2
                0x02004d68                __eqsf2
                0x02004d68                __cmpsf2
                0x02004dcc                __aeabi_cfrcmple
                0x02004ddc                __aeabi_cfcmple
                0x02004ddc                __aeabi_cfcmpeq
                0x02004df4                __aeabi_fcmpeq
                0x02004e0c                __aeabi_fcmplt
                0x02004e24                __aeabi_fcmple
                0x02004e3c                __aeabi_fcmpge
                0x02004e54                __aeabi_fcmpgt
 .text          0x02004e6c       0x5c /opt/devkitpro/devkitARM/bin/../lib/gcc/arm-none-eabi/13.2.0/libgcc.a(_arm_fixsfsi.o)
                0x02004e6c                __fixsfsi
                0x02004e6c                __aeabi_f2iz
 .text          0x02004ec8      0x114 /opt/devkitpro/devkitARM/bin/../lib/gcc/arm-none-eabi/13.2.0/libgcc.a(_udivsi3.o)
                0x02004ec8                __udivsi3
                0x02004ec8                __aeabi_uidiv
                0x02004fbc                __aeabi_uidivmod
 .text          0x02004fdc       0x3c /opt/devkitpro/devkitARM/bin/../lib/gcc/arm-none-eabi/13.2.0/libgcc.a(_aeabi_uldivmod.o)
                0x02004fdc                __aeabi_uldivmod
 .text          0x02005018       0x28 /opt/devkitpro/devkitARM/bin/../lib/gcc/arm-none-eabi/13.2.0/libgcc.a(_clzdi2.o)
                0x02005018                __clzdi2
 .text          0x02005040       0x48 /opt/devkitpro/devkitARM/bin/../lib/gcc/arm-none-eabi/13.2.0/libgcc.a(_clzsi2.o)
                0x02005040                __clzsi2
 *(EXCLUDE_FILE(*.twl* *.vectors* *.itcm*) .stub)
 *(EXCLUDE_FILE(*.twl* *.vectors* *.itcm*) .text.*)
 .text.__do_global_dtors_aux
                0x02005088       0x40 /opt/devkitpro/devkitARM/bin/../lib/gcc/arm-none-eabi/13.2.0/crtbegin.o
 .text.frame_dummy
                0x020050c8       0x30 /opt/devkitpro/devkitARM/bin/../lib/gcc/arm-none-eabi/13.2.0/crtbegin.o
 .text.checkIfText
                0x020050f8       0x5c /opt/devkitpro/libnds/lib/libnds9.a(background.o)
                0x020050f8                checkIfText
 .text.bgUpdate
                0x02005154       0xf4 /opt/devkitpro/libnds/lib/libnds9.a(background.o)
                0x02005154                bgUpdate
 .text.bgInit_call
                0x02005248       0xc4 /opt/devkitpro/libnds/lib/libnds9.a(background.o)
                0x02005248                bgInit_call
 .text.bgInitSub_call
                0x0200530c       0xcc /opt/devkitpro/libnds/lib/libnds9.a(background.o)
                0x0200530c                bgInitSub_call
 .text.sinLutLookup
                0x020053d8       0x4c /opt/devkitpro/libnds/lib/libnds9.a(trig.o)
                0x020053d8                sinLutLookup
 .text.sinLerp  0x02005424       0x40 /opt/devkitpro/libnds/lib/libnds9.a(trig.o)
                0x02005424                sinLerp
 .text.cosLerp  0x02005464       0x4c /opt/devkitpro/libnds/lib/libnds9.a(trig.o)
                0x02005464                cosLerp
 .text.touchRead
                0x020054b0       0x24 /opt/devkitpro/libnds/lib/libnds9.a(touch.o)
                0x020054b0                touchRead
 .text.__sassert
                0x020054d4       0x38 /opt/devkitpro/libnds/lib/libnds9.a(sassert.o)
                0x020054d4                __sassert
 .text.oamAllocReset
                0x0200550c       0x1c /opt/devkitpro/libnds/lib/libnds9.a(sprite_alloc.o)
                0x0200550c                oamAllocReset
 .text.oamAllocateGfx
                0x02005528      0x50c /opt/devkitpro/libnds/lib/libnds9.a(sprite_alloc.o)
                0x02005528                oamAllocateGfx
 .text.newRow   0x02005a34       0xa8 /opt/devkitpro/libnds/lib/libnds9.a(console.o)
 .text.consolePrintChar
                0x02005adc       0xe0 /opt/devkitpro/libnds/lib/libnds9.a(console.o)
                0x02005adc                consolePrintChar
 .text.con_write
                0x02005bbc      0x36c /opt/devkitpro/libnds/lib/libnds9.a(console.o)
                0x02005bbc                con_write
 .text.consoleLoadFont
                0x02005f28      0x2a0 /opt/devkitpro/libnds/lib/libnds9.a(console.o)
                0x02005f28                consoleLoadFont
 .text.consoleInit
                0x020061c8      0x18c /opt/devkitpro/libnds/lib/libnds9.a(console.o)
                0x020061c8                consoleInit
 .text.consoleDemoInit
                0x02006354       0x40 /opt/devkitpro/libnds/lib/libnds9.a(console.o)
                0x02006354                consoleDemoInit
 .text.oamInit  0x02006394      0x114 /opt/devkitpro/libnds/lib/libnds9.a(sprite.o)
                0x02006394                oamInit
 .text.oamGetGfxPtr
                0x020064a8       0x38 /opt/devkitpro/libnds/lib/libnds9.a(sprite.o)
                0x020064a8                oamGetGfxPtr
 .text.oamGfxPtrToOffset
                0x020064e0       0x34 /opt/devkitpro/libnds/lib/libnds9.a(sprite.o)
                0x020064e0                oamGfxPtrToOffset
 .text.oamSet   0x02006514      0x104 /opt/devkitpro/libnds/lib/libnds9.a(sprite.o)
                0x02006514                oamSet
 .text.oamUpdate
                0x02006618       0x60 /opt/devkitpro/libnds/lib/libnds9.a(sprite.o)
                0x02006618                oamUpdate
 .text.scanKeys
                0x02006678       0x8c /opt/devkitpro/libnds/lib/libnds9.a(keys.o)
                0x02006678                scanKeys
 .text.keysHeld
                0x02006704        0xc /opt/devkitpro/libnds/lib/libnds9.a(keys.o)
                0x02006704                keysHeld
 .text.keysDown
                0x02006710       0x14 /opt/devkitpro/libnds/lib/libnds9.a(keys.o)
                0x02006710                keysDown
 .text.__syscall_gettod_r
                0x02006724       0x28 /opt/devkitpro/libnds/lib/libnds9.a(initSystem.o)
                0x02006724                __syscall_gettod_r
 .text.initSystem
                0x0200674c      0x180 /opt/devkitpro/libnds/lib/libnds9.a(initSystem.o)
                0x0200674c                initSystem
 .text.irqDummy
                0x020068cc        0x4 /opt/devkitpro/libnds/lib/libnds9.a(interrupts.o)
                0x020068cc                irqDummy
 .text.irqSet   0x020068d0       0x6c /opt/devkitpro/libnds/lib/libnds9.a(interrupts.o)
                0x020068d0                irqSet
 .text.irqInit  0x0200693c       0x50 /opt/devkitpro/libnds/lib/libnds9.a(interrupts.o)
                0x0200693c                irqInit
 .text.irqEnable
                0x0200698c       0x64 /opt/devkitpro/libnds/lib/libnds9.a(interrupts.o)
                0x0200698c                irqEnable
 .text.irqDisable
                0x020069f0       0x64 /opt/devkitpro/libnds/lib/libnds9.a(interrupts.o)
                0x020069f0                irqDisable
 .text.systemErrorExit
                0x02006a54        0x4 /opt/devkitpro/libnds/lib/libnds9.a(libnds_exit.arm.o)
                0x02006a54                systemErrorExit
 .text.__libnds_exit
                0x02006a58       0x5c /opt/devkitpro/libnds/lib/libnds9.a(libnds_exit.arm.o)
                0x02006a58                __libnds_exit
 .text.fifo_queueBlock
                0x02006ab4       0x44 /opt/devkitpro/libnds/lib/libnds9.a(fifosystem.o)
 .text.fifo_waitBlock
                0x02006af8       0x80 /opt/devkitpro/libnds/lib/libnds9.a(fifosystem.o)
 .text.fifoInternalSend.part.0
                0x02006b78       0xd4 /opt/devkitpro/libnds/lib/libnds9.a(fifosystem.o)
 .text.fifoInternalSendInterrupt
                0x02006c4c       0xb0 /opt/devkitpro/libnds/lib/libnds9.a(fifosystem.o)
 .text.fifoSetValue32Handler
                0x02006cfc       0xd4 /opt/devkitpro/libnds/lib/libnds9.a(fifosystem.o)
                0x02006cfc                fifoSetValue32Handler
 .text.fifoSendValue32
                0x02006dd0       0x4c /opt/devkitpro/libnds/lib/libnds9.a(fifosystem.o)
                0x02006dd0                fifoSendValue32
 .text.fifoSendDatamsg
                0x02006e1c       0x90 /opt/devkitpro/libnds/lib/libnds9.a(fifosystem.o)
                0x02006e1c                fifoSendDatamsg
 .text.fifoGetDatamsg
                0x02006eac       0xf4 /opt/devkitpro/libnds/lib/libnds9.a(fifosystem.o)
                0x02006eac                fifoGetDatamsg
 .text.fifoInternalRecvInterrupt
                0x02006fa0      0x37c /opt/devkitpro/libnds/lib/libnds9.a(fifosystem.o)
 .text.fifoSetDatamsgHandler
                0x0200731c       0x9c /opt/devkitpro/libnds/lib/libnds9.a(fifosystem.o)
                0x0200731c                fifoSetDatamsgHandler
 .text.fifoInit
                0x020073b8      0x108 /opt/devkitpro/libnds/lib/libnds9.a(fifosystem.o)
                0x020073b8                fifoInit
 .text.DC_FlushRange
                0x020074c0       0x24 /opt/devkitpro/libnds/lib/libnds9.a(dcache.o)
                0x020074c0                DC_FlushRange
 .text.__libnds_mpu_setup
                0x020074e4      0x174 /opt/devkitpro/libnds/lib/libnds9.a(mpu_setup.o)
                0x020074e4                __libnds_mpu_setup
 .text.memUncached
                0x02007658       0x20 /opt/devkitpro/libnds/lib/libnds9.a(mpu_setup.o)
                0x02007658                memUncached
 .text.swiWaitForVBlank
                0x02007678        0x8 /opt/devkitpro/libnds/lib/libnds9.a(IntrWait.o)
                0x02007678                swiWaitForVBlank
 .text.swiIntrWait
                0x02007680       0x70 /opt/devkitpro/libnds/lib/libnds9.a(IntrWait.o)
                0x02007680                swiIntrWait
 .text.setCpuClock
                0x020076f0       0x50 /opt/devkitpro/libnds/lib/libnds9.a(cpu_clock.o)
                0x020076f0                setCpuClock
 .text.swiDelay
                0x02007740        0x4 /opt/devkitpro/libnds/lib/libnds9.a(biosCalls.o)
                0x02007740                swiDelay
 .text.swiSoftReset
                0x02007744       0x2c /opt/devkitpro/libnds/lib/libnds9.a(swiSoftReset.o)
                0x02007744                swiSoftReset
 .text.vramDefault
                0x02007770       0xd0 /opt/devkitpro/libnds/lib/libnds9.a(video.o)
                0x02007770                vramDefault
 .text.systemValueHandler
                0x02007840       0x48 /opt/devkitpro/libnds/lib/libnds9.a(system.o)
                0x02007840                systemValueHandler
 .text.systemMsgHandler
                0x02007888       0x60 /opt/devkitpro/libnds/lib/libnds9.a(system.o)
                0x02007888                systemMsgHandler
 .text.powerOn  0x020078e8       0x2c /opt/devkitpro/libnds/lib/libnds9.a(system.o)
                0x020078e8                powerOn
 .text.siscanf  0x02007914       0x74 /opt/devkitpro/devkitARM/bin/../lib/gcc/arm-none-eabi/13.2.0/../../../../arm-none-eabi/lib/libg.a(libc_a-siscanf.o)
                0x02007914                siscanf
 .text.setvbuf  0x02007988      0x25c /opt/devkitpro/devkitARM/bin/../lib/gcc/arm-none-eabi/13.2.0/../../../../arm-none-eabi/lib/libg.a(libc_a-setvbuf.o)
                0x02007988                setvbuf
 .text.get_arg  0x02007be4       0x54 /opt/devkitpro/devkitARM/bin/../lib/gcc/arm-none-eabi/13.2.0/../../../../arm-none-eabi/lib/libg.a(libc_a-svfiscanf.o)
 .text._sungetc_r
                0x02007c38       0xe4 /opt/devkitpro/devkitARM/bin/../lib/gcc/arm-none-eabi/13.2.0/../../../../arm-none-eabi/lib/libg.a(libc_a-svfiscanf.o)
                0x02007c38                _sungetc_r
 .text.__ssrefill_r
                0x02007d1c       0x68 /opt/devkitpro/devkitARM/bin/../lib/gcc/arm-none-eabi/13.2.0/../../../../arm-none-eabi/lib/libg.a(libc_a-svfiscanf.o)
                0x02007d1c                __ssrefill_r
 .text._sfread_r
                0x02007d84       0xc8 /opt/devkitpro/devkitARM/bin/../lib/gcc/arm-none-eabi/13.2.0/../../../../arm-none-eabi/lib/libg.a(libc_a-svfiscanf.o)
                0x02007d84                _sfread_r
 .text.__ssvfiscanf_r
                0x02007e4c     0x22dc /opt/devkitpro/devkitARM/bin/../lib/gcc/arm-none-eabi/13.2.0/../../../../arm-none-eabi/lib/libg.a(libc_a-svfiscanf.o)
                0x02007e4c                __ssvfiscanf_r
 .text._malloc_trim_r
                0x0200a128      0x100 /opt/devkitpro/devkitARM/bin/../lib/gcc/arm-none-eabi/13.2.0/../../../../arm-none-eabi/lib/libg.a(libc_a-freer.o)
                0x0200a128                _malloc_trim_r
 .text._free_r  0x0200a228      0x2e8 /opt/devkitpro/devkitARM/bin/../lib/gcc/arm-none-eabi/13.2.0/../../../../arm-none-eabi/lib/libg.a(libc_a-freer.o)
                0x0200a228                _free_r
 .text.iprintf  0x0200a510       0x34 /opt/devkitpro/devkitARM/bin/../lib/gcc/arm-none-eabi/13.2.0/../../../../arm-none-eabi/lib/libg.a(libc_a-iprintf.o)
                0x0200a510                iprintf
 .text._fclose_r
                0x0200a544      0x150 /opt/devkitpro/devkitARM/bin/../lib/gcc/arm-none-eabi/13.2.0/../../../../arm-none-eabi/lib/libg.a(libc_a-fclose.o)
                0x0200a544                _fclose_r
 .text.fclose   0x0200a694       0x18 /opt/devkitpro/devkitARM/bin/../lib/gcc/arm-none-eabi/13.2.0/../../../../arm-none-eabi/lib/libg.a(libc_a-fclose.o)
                0x0200a694                fclose
 .text.malloc   0x0200a6ac       0x1c /opt/devkitpro/devkitARM/bin/../lib/gcc/arm-none-eabi/13.2.0/../../../../arm-none-eabi/lib/libg.a(libc_a-malloc.o)
                0x0200a6ac                malloc
 .text.free     0x0200a6c8       0x1c /opt/devkitpro/devkitARM/bin/../lib/gcc/arm-none-eabi/13.2.0/../../../../arm-none-eabi/lib/libg.a(libc_a-malloc.o)
                0x0200a6c8                free
 .text.viprintf
                0x0200a6e4       0x28 /opt/devkitpro/devkitARM/bin/../lib/gcc/arm-none-eabi/13.2.0/../../../../arm-none-eabi/lib/libg.a(libc_a-viprintf.o)
                0x0200a6e4                viprintf
 .text._malloc_r
                0x0200a70c      0x7a4 /opt/devkitpro/devkitARM/bin/../lib/gcc/arm-none-eabi/13.2.0/../../../../arm-none-eabi/lib/libg.a(libc_a-mallocr.o)
                0x0200a70c                _malloc_r
 .text.memset   0x0200aeb0       0xfc /opt/devkitpro/devkitARM/bin/../lib/gcc/arm-none-eabi/13.2.0/../../../../arm-none-eabi/lib/libg.a(libc_a-memset.o)
                0x0200aeb0                memset
 .text.__malloc_lock
                0x0200afac       0x18 /opt/devkitpro/devkitARM/bin/../lib/gcc/arm-none-eabi/13.2.0/../../../../arm-none-eabi/lib/libg.a(libc_a-mlock.o)
                0x0200afac                __malloc_lock
 .text.__malloc_unlock
                0x0200afc4       0x18 /opt/devkitpro/devkitARM/bin/../lib/gcc/arm-none-eabi/13.2.0/../../../../arm-none-eabi/lib/libg.a(libc_a-mlock.o)
                0x0200afc4                __malloc_unlock
 .text.strlen   0x0200afdc       0x94 /opt/devkitpro/devkitARM/bin/../lib/gcc/arm-none-eabi/13.2.0/../../../../arm-none-eabi/lib/libg.a(libc_a-strlen.o)
                0x0200afdc                strlen
 .text._fopen_r
                0x0200b070      0x138 /opt/devkitpro/devkitARM/bin/../lib/gcc/arm-none-eabi/13.2.0/../../../../arm-none-eabi/lib/libg.a(libc_a-fopen.o)
                0x0200b070                _fopen_r
 .text.fopen    0x0200b1a8       0x20 /opt/devkitpro/devkitARM/bin/../lib/gcc/arm-none-eabi/13.2.0/../../../../arm-none-eabi/lib/libg.a(libc_a-fopen.o)
                0x0200b1a8                fopen
 .text.__sflush_r
                0x0200b1c8      0x248 /opt/devkitpro/devkitARM/bin/../lib/gcc/arm-none-eabi/13.2.0/../../../../arm-none-eabi/lib/libg.a(libc_a-fflush.o)
                0x0200b1c8                __sflush_r
 .text._fflush_r
                0x0200b410       0x9c /opt/devkitpro/devkitARM/bin/../lib/gcc/arm-none-eabi/13.2.0/../../../../arm-none-eabi/lib/libg.a(libc_a-fflush.o)
                0x0200b410                _fflush_r
 .text._fwalk_sglue
                0x0200b4ac       0x78 /opt/devkitpro/devkitARM/bin/../lib/gcc/arm-none-eabi/13.2.0/../../../../arm-none-eabi/lib/libg.a(libc_a-fwalk.o)
                0x0200b4ac                _fwalk_sglue
 .text._fread_r
                0x0200b524      0x33c /opt/devkitpro/devkitARM/bin/../lib/gcc/arm-none-eabi/13.2.0/../../../../arm-none-eabi/lib/libg.a(libc_a-fread.o)
                0x0200b524                _fread_r
 .text.fread    0x0200b860       0x3c /opt/devkitpro/devkitARM/bin/../lib/gcc/arm-none-eabi/13.2.0/../../../../arm-none-eabi/lib/libg.a(libc_a-fread.o)
                0x0200b860                fread
 .text.stdio_exit_handler
                0x0200b89c       0x28 /opt/devkitpro/devkitARM/bin/../lib/gcc/arm-none-eabi/13.2.0/../../../../arm-none-eabi/lib/libg.a(libc_a-findfp.o)
 .text.cleanup_stdio
                0x0200b8c4       0x54 /opt/devkitpro/devkitARM/bin/../lib/gcc/arm-none-eabi/13.2.0/../../../../arm-none-eabi/lib/libg.a(libc_a-findfp.o)
 .text.global_stdio_init.part.0
                0x0200b918      0x158 /opt/devkitpro/devkitARM/bin/../lib/gcc/arm-none-eabi/13.2.0/../../../../arm-none-eabi/lib/libg.a(libc_a-findfp.o)
 .text.__sfp    0x0200ba70      0x138 /opt/devkitpro/devkitARM/bin/../lib/gcc/arm-none-eabi/13.2.0/../../../../arm-none-eabi/lib/libg.a(libc_a-findfp.o)
                0x0200ba70                __sfp
 .text.__sinit  0x0200bba8       0x64 /opt/devkitpro/devkitARM/bin/../lib/gcc/arm-none-eabi/13.2.0/../../../../arm-none-eabi/lib/libg.a(libc_a-findfp.o)
                0x0200bba8                __sinit
 .text.__sfp_lock_acquire
                0x0200bc0c       0x18 /opt/devkitpro/devkitARM/bin/../lib/gcc/arm-none-eabi/13.2.0/../../../../arm-none-eabi/lib/libg.a(libc_a-findfp.o)
                0x0200bc0c                __sfp_lock_acquire
 .text.__sfp_lock_release
                0x0200bc24       0x18 /opt/devkitpro/devkitARM/bin/../lib/gcc/arm-none-eabi/13.2.0/../../../../arm-none-eabi/lib/libg.a(libc_a-findfp.o)
                0x0200bc24                __sfp_lock_release
 .text.srand    0x0200bc3c       0x20 /opt/devkitpro/devkitARM/bin/../lib/gcc/arm-none-eabi/13.2.0/../../../../arm-none-eabi/lib/libg.a(libc_a-rand.o)
                0x0200bc3c                srand
 .text.rand     0x0200bc5c       0x48 /opt/devkitpro/devkitARM/bin/../lib/gcc/arm-none-eabi/13.2.0/../../../../arm-none-eabi/lib/libg.a(libc_a-rand.o)
                0x0200bc5c                rand
 .text._fseek_r
                0x0200bca4       0x20 /opt/devkitpro/devkitARM/bin/../lib/gcc/arm-none-eabi/13.2.0/../../../../arm-none-eabi/lib/libg.a(libc_a-fseek.o)
                0x0200bca4                _fseek_r
 .text.fseek    0x0200bcc4       0x38 /opt/devkitpro/devkitARM/bin/../lib/gcc/arm-none-eabi/13.2.0/../../../../arm-none-eabi/lib/libg.a(libc_a-fseek.o)
                0x0200bcc4                fseek
 .text._strtol_l.part.0
                0x0200bcfc      0x1b4 /opt/devkitpro/devkitARM/bin/../lib/gcc/arm-none-eabi/13.2.0/../../../../arm-none-eabi/lib/libg.a(libc_a-strtol.o)
 .text._strtol_r
                0x0200beb0       0x64 /opt/devkitpro/devkitARM/bin/../lib/gcc/arm-none-eabi/13.2.0/../../../../arm-none-eabi/lib/libg.a(libc_a-strtol.o)
                0x0200beb0                _strtol_r
 .text.realloc  0x0200bf14       0x24 /opt/devkitpro/devkitARM/bin/../lib/gcc/arm-none-eabi/13.2.0/../../../../arm-none-eabi/lib/libg.a(libc_a-realloc.o)
                0x0200bf14                realloc
 .text._strtoul_l.isra.0
                0x0200bf38      0x1dc /opt/devkitpro/devkitARM/bin/../lib/gcc/arm-none-eabi/13.2.0/../../../../arm-none-eabi/lib/libg.a(libc_a-strtoul.o)
 .text._strtoul_r
                0x0200c114       0x30 /opt/devkitpro/devkitARM/bin/../lib/gcc/arm-none-eabi/13.2.0/../../../../arm-none-eabi/lib/libg.a(libc_a-strtoul.o)
                0x0200c114                _strtoul_r
 .text.__locale_mb_cur_max
                0x0200c144       0x28 /opt/devkitpro/devkitARM/bin/../lib/gcc/arm-none-eabi/13.2.0/../../../../arm-none-eabi/lib/libg.a(libc_a-locale.o)
                0x0200c144                __locale_mb_cur_max
 .text.time     0x0200c16c       0x50 /opt/devkitpro/devkitARM/bin/../lib/gcc/arm-none-eabi/13.2.0/../../../../arm-none-eabi/lib/libg.a(libc_a-time.o)
                0x0200c16c                time
 .text.__utf8_wctomb
                0x0200c1bc       0xf4 /opt/devkitpro/devkitARM/bin/../lib/gcc/arm-none-eabi/13.2.0/../../../../arm-none-eabi/lib/libg.a(libc_a-wctomb_r.o)
                0x0200c1bc                __utf8_wctomb
 .text.memcpy   0x0200c2b0      0x114 /opt/devkitpro/devkitARM/bin/../lib/gcc/arm-none-eabi/13.2.0/../../../../arm-none-eabi/lib/libg.a(libc_a-memcpy-stub.o)
                0x0200c2b0                memcpy
 .text.__libc_init_array
                0x0200c3c4       0x90 /opt/devkitpro/devkitARM/bin/../lib/gcc/arm-none-eabi/13.2.0/../../../../arm-none-eabi/lib/libg.a(libc_a-init.o)
                0x0200c3c4                __libc_init_array
 .text.__errno  0x0200c454       0x10 /opt/devkitpro/devkitARM/bin/../lib/gcc/arm-none-eabi/13.2.0/../../../../arm-none-eabi/lib/libg.a(libc_a-errno.o)
                0x0200c454                __errno
 .text._strtoll_l.isra.0
                0x0200c464      0x23c /opt/devkitpro/devkitARM/bin/../lib/gcc/arm-none-eabi/13.2.0/../../../../arm-none-eabi/lib/libg.a(libc_a-strtoll.o)
 .text._strtoll_r
                0x0200c6a0       0x30 /opt/devkitpro/devkitARM/bin/../lib/gcc/arm-none-eabi/13.2.0/../../../../arm-none-eabi/lib/libg.a(libc_a-strtoll.o)
                0x0200c6a0                _strtoll_r
 .text._strtoull_l.isra.0
                0x0200c6d0      0x260 /opt/devkitpro/devkitARM/bin/../lib/gcc/arm-none-eabi/13.2.0/../../../../arm-none-eabi/lib/libg.a(libc_a-strtoull.o)
 .text._strtoull_r
                0x0200c930       0x30 /opt/devkitpro/devkitARM/bin/../lib/gcc/arm-none-eabi/13.2.0/../../../../arm-none-eabi/lib/libg.a(libc_a-strtoull.o)
                0x0200c930                _strtoull_r
 .text.iswspace
                0x0200c960       0x14 /opt/devkitpro/devkitARM/bin/../lib/gcc/arm-none-eabi/13.2.0/../../../../arm-none-eabi/lib/libg.a(libc_a-iswspace.o)
                0x0200c960                iswspace
 .text._mbrtowc_r
                0x0200c974       0xc0 /opt/devkitpro/devkitARM/bin/../lib/gcc/arm-none-eabi/13.2.0/../../../../arm-none-eabi/lib/libg.a(libc_a-mbrtowc.o)
                0x0200c974                _mbrtowc_r
 .text.__smakebuf_r
                0x0200ca34      0x138 /opt/devkitpro/devkitARM/bin/../lib/gcc/arm-none-eabi/13.2.0/../../../../arm-none-eabi/lib/libg.a(libc_a-makebuf.o)
                0x0200ca34                __smakebuf_r
 .text.__swhatbuf_r
                0x0200cb6c       0x80 /opt/devkitpro/devkitARM/bin/../lib/gcc/arm-none-eabi/13.2.0/../../../../arm-none-eabi/lib/libg.a(libc_a-makebuf.o)
                0x0200cb6c                __swhatbuf_r
 .text.iswspace_l
                0x0200cbec       0x40 /opt/devkitpro/devkitARM/bin/../lib/gcc/arm-none-eabi/13.2.0/../../../../arm-none-eabi/lib/libg.a(libc_a-iswspace_l.o)
                0x0200cbec                iswspace_l
 .text.__sccl   0x0200cc2c       0xe4 /opt/devkitpro/devkitARM/bin/../lib/gcc/arm-none-eabi/13.2.0/../../../../arm-none-eabi/lib/libg.a(libc_a-sccl.o)
                0x0200cc2c                __sccl
 .text.lflush   0x0200cd10       0x3c /opt/devkitpro/devkitARM/bin/../lib/gcc/arm-none-eabi/13.2.0/../../../../arm-none-eabi/lib/libg.a(libc_a-refill.o)
 .text.__srefill_r
                0x0200cd4c      0x19c /opt/devkitpro/devkitARM/bin/../lib/gcc/arm-none-eabi/13.2.0/../../../../arm-none-eabi/lib/libg.a(libc_a-refill.o)
                0x0200cd4c                __srefill_r
 .text.__submore
                0x0200cee8       0xa8 /opt/devkitpro/devkitARM/bin/../lib/gcc/arm-none-eabi/13.2.0/../../../../arm-none-eabi/lib/libg.a(libc_a-ungetc.o)
                0x0200cee8                __submore
 .text.__sread  0x0200cf90       0x4c /opt/devkitpro/devkitARM/bin/../lib/gcc/arm-none-eabi/13.2.0/../../../../arm-none-eabi/lib/libg.a(libc_a-stdio.o)
                0x0200cf90                __sread
 .text.__seofread
                0x0200cfdc        0x8 /opt/devkitpro/devkitARM/bin/../lib/gcc/arm-none-eabi/13.2.0/../../../../arm-none-eabi/lib/libg.a(libc_a-stdio.o)
                0x0200cfdc                __seofread
 .text.__swrite
                0x0200cfe4       0x6c /opt/devkitpro/devkitARM/bin/../lib/gcc/arm-none-eabi/13.2.0/../../../../arm-none-eabi/lib/libg.a(libc_a-stdio.o)
                0x0200cfe4                __swrite
 .text.__sseek  0x0200d050       0x48 /opt/devkitpro/devkitARM/bin/../lib/gcc/arm-none-eabi/13.2.0/../../../../arm-none-eabi/lib/libg.a(libc_a-stdio.o)
                0x0200d050                __sseek
 .text.__sclose
                0x0200d098       0x14 /opt/devkitpro/devkitARM/bin/../lib/gcc/arm-none-eabi/13.2.0/../../../../arm-none-eabi/lib/libg.a(libc_a-stdio.o)
                0x0200d098                __sclose
 .text.category
                0x0200d0ac       0x98 /opt/devkitpro/devkitARM/bin/../lib/gcc/arm-none-eabi/13.2.0/../../../../arm-none-eabi/lib/libg.a(libc_a-categories.o)
                0x0200d0ac                category
 .text.get_arg  0x0200d144      0x654 /opt/devkitpro/devkitARM/bin/../lib/gcc/arm-none-eabi/13.2.0/../../../../arm-none-eabi/lib/libg.a(libc_a-vfiprintf.o)
 .text.__sprint_r
                0x0200d798       0x34 /opt/devkitpro/devkitARM/bin/../lib/gcc/arm-none-eabi/13.2.0/../../../../arm-none-eabi/lib/libg.a(libc_a-vfiprintf.o)
                0x0200d798                __sprint_r
 .text._vfiprintf_r
                0x0200d7cc     0x2334 /opt/devkitpro/devkitARM/bin/../lib/gcc/arm-none-eabi/13.2.0/../../../../arm-none-eabi/lib/libg.a(libc_a-vfiprintf.o)
                0x0200d7cc                _vfiprintf_r
 .text.__sbprintf
                0x0200fb00       0xbc /opt/devkitpro/devkitARM/bin/../lib/gcc/arm-none-eabi/13.2.0/../../../../arm-none-eabi/lib/libg.a(libc_a-vfiprintf.o)
 .text.__swsetup_r
                0x0200fbbc      0x144 /opt/devkitpro/devkitARM/bin/../lib/gcc/arm-none-eabi/13.2.0/../../../../arm-none-eabi/lib/libg.a(libc_a-wsetup.o)
                0x0200fbbc                __swsetup_r
 .text.strchr   0x0200fd00      0x13c /opt/devkitpro/devkitARM/bin/../lib/gcc/arm-none-eabi/13.2.0/../../../../arm-none-eabi/lib/libg.a(libc_a-strchr.o)
                0x0200fd00                strchr
 .text.memmove  0x0200fe3c      0x154 /opt/devkitpro/devkitARM/bin/../lib/gcc/arm-none-eabi/13.2.0/../../../../arm-none-eabi/lib/libg.a(libc_a-memmove.o)
                0x0200fe3c                memmove
 .text._fseeko_r
                0x0200ff90      0x5a4 /opt/devkitpro/devkitARM/bin/../lib/gcc/arm-none-eabi/13.2.0/../../../../arm-none-eabi/lib/libg.a(libc_a-fseeko.o)
                0x0200ff90                _fseeko_r
 .text.__sflags
                0x02010534       0xbc /opt/devkitpro/devkitARM/bin/../lib/gcc/arm-none-eabi/13.2.0/../../../../arm-none-eabi/lib/libg.a(libc_a-flags.o)
                0x02010534                __sflags
 .text.__sfvwrite_r
                0x020105f0      0x4c8 /opt/devkitpro/devkitARM/bin/../lib/gcc/arm-none-eabi/13.2.0/../../../../arm-none-eabi/lib/libg.a(libc_a-fvwrite.o)
                0x020105f0                __sfvwrite_r
 .text.strncmp  0x02010ab8       0xec /opt/devkitpro/devkitARM/bin/../lib/gcc/arm-none-eabi/13.2.0/../../../../arm-none-eabi/lib/libg.a(libc_a-strncmp.o)
                0x02010ab8                strncmp
 .text._realloc_r
                0x02010ba4      0x4b8 /opt/devkitpro/devkitARM/bin/../lib/gcc/arm-none-eabi/13.2.0/../../../../arm-none-eabi/lib/libg.a(libc_a-reallocr.o)
                0x02010ba4                _realloc_r
 .text.strncpy  0x0201105c       0xd0 /opt/devkitpro/devkitARM/bin/../lib/gcc/arm-none-eabi/13.2.0/../../../../arm-none-eabi/lib/libg.a(libc_a-strncpy.o)
                0x0201105c                strncpy
 .text.__utf8_mbtowc
                0x0201112c      0x308 /opt/devkitpro/devkitARM/bin/../lib/gcc/arm-none-eabi/13.2.0/../../../../arm-none-eabi/lib/libg.a(libc_a-mbtowc_r.o)
                0x0201112c                __utf8_mbtowc
 .text._localeconv_r
                0x02011434       0x28 /opt/devkitpro/devkitARM/bin/../lib/gcc/arm-none-eabi/13.2.0/../../../../arm-none-eabi/lib/libg.a(libc_a-localeconv.o)
                0x02011434                _localeconv_r
 .text.memchr   0x0201145c       0xf0 /opt/devkitpro/devkitARM/bin/../lib/gcc/arm-none-eabi/13.2.0/../../../../arm-none-eabi/lib/libg.a(libc_a-memchr-stub.o)
                0x0201145c                memchr
 .text._wcrtomb_r
                0x0201154c       0xac /opt/devkitpro/devkitARM/bin/../lib/gcc/arm-none-eabi/13.2.0/../../../../arm-none-eabi/lib/libg.a(libc_a-wcrtomb.o)
                0x0201154c                _wcrtomb_r
 .text._wcsrtombs_r
                0x020115f8       0x2c /opt/devkitpro/devkitARM/bin/../lib/gcc/arm-none-eabi/13.2.0/../../../../arm-none-eabi/lib/libg.a(libc_a-wcsrtombs.o)
                0x020115f8                _wcsrtombs_r
 .text._wcsnrtombs_l
                0x02011624      0x198 /opt/devkitpro/devkitARM/bin/../lib/gcc/arm-none-eabi/13.2.0/../../../../arm-none-eabi/lib/libg.a(libc_a-wcsnrtombs.o)
                0x02011624                _wcsnrtombs_l
 .text._wcsnrtombs_r
                0x020117bc       0x68 /opt/devkitpro/devkitARM/bin/../lib/gcc/arm-none-eabi/13.2.0/../../../../arm-none-eabi/lib/libg.a(libc_a-wcsnrtombs.o)
                0x020117bc                _wcsnrtombs_r
 .text.build_argv
                0x02011824       0x90 /opt/devkitpro/devkitARM/bin/../lib/gcc/arm-none-eabi/13.2.0/../../../../arm-none-eabi/lib/libsysbase.a(libsysbase_libsysbase_a-build_argv.o)
                0x02011824                build_argv
 .text._fstat_r
                0x020118b4       0x7c /opt/devkitpro/devkitARM/bin/../lib/gcc/arm-none-eabi/13.2.0/../../../../arm-none-eabi/lib/libsysbase.a(libsysbase_libsysbase_a-fstat.o)
                0x020118b4                _fstat_r
 .text.__getreent
                0x02011930       0x30 /opt/devkitpro/devkitARM/bin/../lib/gcc/arm-none-eabi/13.2.0/../../../../arm-none-eabi/lib/libsysbase.a(libsysbase_libsysbase_a-getreent.o)
                0x02011930                __getreent
 .text._gettimeofday_r
                0x02011960       0x34 /opt/devkitpro/devkitARM/bin/../lib/gcc/arm-none-eabi/13.2.0/../../../../arm-none-eabi/lib/libsysbase.a(libsysbase_libsysbase_a-gettod.o)
                0x02011960                _gettimeofday_r
 .text.__release_handle
                0x02011994       0x90 /opt/devkitpro/devkitARM/bin/../lib/gcc/arm-none-eabi/13.2.0/../../../../arm-none-eabi/lib/libsysbase.a(libsysbase_libsysbase_a-handle_manager.o)
                0x02011994                __release_handle
 .text.__alloc_handle
                0x02011a24       0xb4 /opt/devkitpro/devkitARM/bin/../lib/gcc/arm-none-eabi/13.2.0/../../../../arm-none-eabi/lib/libsysbase.a(libsysbase_libsysbase_a-handle_manager.o)
                0x02011a24                __alloc_handle
 .text.__get_handle
                0x02011ad8       0x40 /opt/devkitpro/devkitARM/bin/../lib/gcc/arm-none-eabi/13.2.0/../../../../arm-none-eabi/lib/libsysbase.a(libsysbase_libsysbase_a-handle_manager.o)
                0x02011ad8                __get_handle
 .text._close_r
                0x02011b18       0xfc /opt/devkitpro/devkitARM/bin/../lib/gcc/arm-none-eabi/13.2.0/../../../../arm-none-eabi/lib/libsysbase.a(libsysbase_libsysbase_a-handle_manager.o)
                0x02011b18                _close_r
 .text.null_write
                0x02011c14        0x8 /opt/devkitpro/devkitARM/bin/../lib/gcc/arm-none-eabi/13.2.0/../../../../arm-none-eabi/lib/libsysbase.a(libsysbase_libsysbase_a-iosupport.o)
 .text.FindDevice
                0x02011c1c       0xd4 /opt/devkitpro/devkitARM/bin/../lib/gcc/arm-none-eabi/13.2.0/../../../../arm-none-eabi/lib/libsysbase.a(libsysbase_libsysbase_a-iosupport.o)
                0x02011c1c                FindDevice
 .text._isatty_r
                0x02011cf0        0x8 /opt/devkitpro/devkitARM/bin/../lib/gcc/arm-none-eabi/13.2.0/../../../../arm-none-eabi/lib/libsysbase.a(libsysbase_libsysbase_a-isatty.o)
                0x02011cf0                _isatty_r
 .text._lseek_r
                0x02011cf8       0x88 /opt/devkitpro/devkitARM/bin/../lib/gcc/arm-none-eabi/13.2.0/../../../../arm-none-eabi/lib/libsysbase.a(libsysbase_libsysbase_a-lseek.o)
                0x02011cf8                _lseek_r
 .text._open_r  0x02011d80       0xc4 /opt/devkitpro/devkitARM/bin/../lib/gcc/arm-none-eabi/13.2.0/../../../../arm-none-eabi/lib/libsysbase.a(libsysbase_libsysbase_a-open.o)
                0x02011d80                _open_r
 .text._read_r  0x02011e44       0x84 /opt/devkitpro/devkitARM/bin/../lib/gcc/arm-none-eabi/13.2.0/../../../../arm-none-eabi/lib/libsysbase.a(libsysbase_libsysbase_a-read.o)
                0x02011e44                _read_r
 .text._sbrk_r  0x02011ec8       0x7c /opt/devkitpro/devkitARM/bin/../lib/gcc/arm-none-eabi/13.2.0/../../../../arm-none-eabi/lib/libsysbase.a(libsysbase_libsysbase_a-sbrk.o)
                0x02011ec8                _sbrk_r
 .text.__libc_lock_acquire
                0x02011f44       0x20 /opt/devkitpro/devkitARM/bin/../lib/gcc/arm-none-eabi/13.2.0/../../../../arm-none-eabi/lib/libsysbase.a(libsysbase_libsysbase_a-syscall_support.o)
                0x02011f44                __libc_lock_acquire
 .text.__libc_lock_release
                0x02011f64       0x20 /opt/devkitpro/devkitARM/bin/../lib/gcc/arm-none-eabi/13.2.0/../../../../arm-none-eabi/lib/libsysbase.a(libsysbase_libsysbase_a-syscall_support.o)
                0x02011f64                __libc_lock_release
 .text.__libc_lock_acquire_recursive
                0x02011f84       0x20 /opt/devkitpro/devkitARM/bin/../lib/gcc/arm-none-eabi/13.2.0/../../../../arm-none-eabi/lib/libsysbase.a(libsysbase_libsysbase_a-syscall_support.o)
                0x02011f84                __libc_lock_acquire_recursive
 .text.__libc_lock_release_recursive
                0x02011fa4       0x20 /opt/devkitpro/devkitARM/bin/../lib/gcc/arm-none-eabi/13.2.0/../../../../arm-none-eabi/lib/libsysbase.a(libsysbase_libsysbase_a-syscall_support.o)
                0x02011fa4                __libc_lock_release_recursive
 .text._write_r
                0x02011fc4       0x84 /opt/devkitpro/devkitARM/bin/../lib/gcc/arm-none-eabi/13.2.0/../../../../arm-none-eabi/lib/libsysbase.a(libsysbase_libsysbase_a-write.o)
                0x02011fc4                _write_r
 .text.__udivmoddi4
                0x02012048      0x128 /opt/devkitpro/devkitARM/bin/../lib/gcc/arm-none-eabi/13.2.0/libgcc.a(_udivmoddi4.o)
                0x02012048                __udivmoddi4
 .text.__udivmoddi4.__stub
                0x02012170      0x18c linker stubs
 *(EXCLUDE_FILE(*.twl*) .gnu.warning)
 *(EXCLUDE_FILE(*.twl*) .gnu.linkonce.t*)
 *(.glue_7)
 .glue_7        0x02012350        0x0 linker stubs
 *(.glue_7t)
 .glue_7t       0x02012350        0x0 linker stubs
                0x02012350                        . = ALIGN (0x4)

.vfp11_veneer   0x02012350        0x0
 .vfp11_veneer  0x02012350        0x0 linker stubs

.v4_bx          0x02012350        0x0
 .v4_bx         0x02012350        0x0 linker stubs

.iplt           0x02012350        0x0
 .iplt          0x02012350        0x0 /opt/devkitpro/devkitARM/bin/../lib/gcc/arm-none-eabi/13.2.0/../../../../arm-none-eabi/lib/ds_arm9_crt0.o

.fini           0x02012350       0x18
 *(.fini)
 .fini          0x02012350        0xc /opt/devkitpro/devkitARM/bin/../lib/gcc/arm-none-eabi/13.2.0/crti.o
                0x02012350                _fini
 .fini          0x0201235c        0xc /opt/devkitpro/devkitARM/bin/../lib/gcc/arm-none-eabi/13.2.0/crtn.o
                0x02012368                        __text_end = .

.rodata         0x02012368   0x23a2e0
 *(EXCLUDE_FILE(*.twl*) .rodata)
 .rodata        0x02012368      0xf60 progression.o
                0x02012368                progressionTiles
                0x02012ac8                progressionMap
                0x020130c8                progressionPal
 .rodata        0x020132c8     0x6340 reset_main.o
                0x020132c8                reset_mainTiles
                0x02018e08                reset_mainMap
                0x02019408                reset_mainPal
 .rodata        0x02019608      0x600 player2.o
                0x02019608                player2Tiles
                0x02019a08                player2Pal
 .rodata        0x02019c08      0xa00 temple.o
                0x02019c08                templeTiles
                0x0201a408                templePal
 .rodata        0x0201a608      0x600 player3.o
                0x0201a608                player3Tiles
                0x0201aa08                player3Pal
 .rodata        0x0201ac08      0xb60 progression3.o
                0x0201ac08                progression3Tiles
                0x0201af68                progression3Map
                0x0201b568                progression3Pal
 .rodata        0x0201b768      0x400 player_sub.o
                0x0201b768                player_subTiles
                0x0201b968                player_subPal
 .rodata        0x0201bb68     0x3e40 reset_sub.o
                0x0201bb68                reset_subTiles
                0x0201f1a8                reset_subMap
                0x0201f7a8                reset_subPal
 .rodata        0x0201f9a8      0x400 player_sub2.o
                0x0201f9a8                player_sub2Tiles
                0x0201fba8                player_sub2Pal
 .rodata        0x0201fda8      0xa00 camel1.o
                0x0201fda8                camel1Tiles
                0x020205a8                camel1Pal
 .rodata        0x020207a8     0x6180 menu_main.o
                0x020207a8                menu_mainTiles
                0x02026128                menu_mainMap
                0x02026728                menu_mainPal
 .rodata        0x02026928     0x1d80 game_main3.o
                0x02026928                game_main3Tiles
                0x02027ea8                game_main3Map
                0x020284a8                game_main3Pal
 .rodata        0x020286a8      0xd20 progression2.o
                0x020286a8                progression2Tiles
                0x02028bc8                progression2Map
                0x020291c8                progression2Pal
 .rodata        0x020293c8     0x1940 game_main2.o
                0x020293c8                game_main2Tiles
                0x0202a508                game_main2Map
                0x0202ab08                game_main2Pal
 .rodata        0x0202ad08     0x37e0 game_main.o
                0x0202ad08                game_mainTiles
                0x0202dce8                game_mainMap
                0x0202e2e8                game_mainPal
 .rodata        0x0202e4e8      0xa00 tree2.o
                0x0202e4e8                tree2Tiles
                0x0202ece8                tree2Pal
 .rodata        0x0202eee8     0x61e0 menu_sub3.o
                0x0202eee8                menu_sub3Tiles
                0x020348c8                menu_sub3Map
                0x02034ec8                menu_sub3Pal
 .rodata        0x020350c8      0xa00 camel2.o
                0x020350c8                camel2Tiles
                0x020358c8                camel2Pal
 .rodata        0x02035ac8      0xa00 temple3.o
                0x02035ac8                temple3Tiles
                0x020362c8                temple3Pal
 .rodata        0x020364c8     0x6180 menu_sub2.o
                0x020364c8                menu_sub2Tiles
                0x0203be48                menu_sub2Map
                0x0203c448                menu_sub2Pal
 .rodata        0x0203c648      0xa00 cactus1.o
                0x0203c648                cactus1Tiles
                0x0203ce48                cactus1Pal
 .rodata        0x0203d048      0x400 player_sub3.o
                0x0203d048                player_sub3Tiles
                0x0203d248                player_sub3Pal
 .rodata        0x0203d448     0xc200 game_over.o
                0x0203d448                game_overBitmap
                0x02049448                game_overPal
 .rodata        0x02049648      0xa00 temple2.o
                0x02049648                temple2Tiles
                0x02049e48                temple2Pal
 .rodata        0x0204a048      0x400 coin.o
                0x0204a048                coinTiles
                0x0204a248                coinPal
 .rodata        0x0204a448      0xa00 tree1.o
                0x0204a448                tree1Tiles
                0x0204ac48                tree1Pal
 .rodata        0x0204ae48      0x400 rock.o
                0x0204ae48                rockTiles
                0x0204b048                rockPal
 .rodata        0x0204b248      0xa00 cactus2.o
                0x0204b248                cactus2Tiles
                0x0204ba48                cactus2Pal
 .rodata        0x0204bc48      0x600 player.o
                0x0204bc48                playerTiles
                0x0204c048                playerPal
 .rodata        0x0204c248     0x6160 menu_sub.o
                0x0204c248                menu_subTiles
                0x02051ba8                menu_subMap
                0x020521a8                menu_subPal
 .rodata        0x020523a8       0x98 controls.o
                0x02052438                INITIAL_COIN_SIZE
                0x0205243a                INITIAL_ROCK_SIZE
                0x0205243c                INITIAL_TEMPLE_SIZE
                0x0205243e                INITIAL_TREE_SIZE
 *all.rodata*(*)
 *(EXCLUDE_FILE(*.twl*) .roda)
 *(EXCLUDE_FILE(*.twl*) .rodata.*)
 .rodata.soundbank_bin
                0x02052440   0x1f45f4 soundbank.bin.o
                0x02052440                soundbank_bin
                0x02246a34                soundbank_bin_end
 .rodata.SIN_LUT
                0x02246a34      0x102 /opt/devkitpro/libnds/lib/libnds9.a(trig.o)
                0x02246a34                SIN_LUT
 *fill*         0x02246b36        0x2 ff
 .rodata.__sassert.str1.4
                0x02246b38       0xd8 /opt/devkitpro/libnds/lib/libnds9.a(sassert.o)
                                 0x42 (size before relaxing)
 .rodata.con_write.str1.4
                0x02246c10       0x30 /opt/devkitpro/libnds/lib/libnds9.a(console.o)
 .rodata.con_write
                0x02246c10       0xd4 /opt/devkitpro/libnds/lib/libnds9.a(console.o)
 .rodata.str1.4
                0x02246ce4       0x14 /opt/devkitpro/libnds/lib/libnds9.a(console.o)
 .rodata.dotab_stdout
                0x02246ce4       0x70 /opt/devkitpro/libnds/lib/libnds9.a(console.o)
 .rodata.default_font_bin
                0x02246d54     0x2000 /opt/devkitpro/libnds/lib/libnds9.a(default_font.bin.o)
                0x02246d54                default_font_bin
                0x02248d54                default_font_bin_end
 .rodata.basefix.0
                0x02248d54       0x22 /opt/devkitpro/devkitARM/bin/../lib/gcc/arm-none-eabi/13.2.0/../../../../arm-none-eabi/lib/libg.a(libc_a-svfiscanf.o)
 .rodata.str1.4
                0x02248d76       0x4c /opt/devkitpro/devkitARM/bin/../lib/gcc/arm-none-eabi/13.2.0/../../../../arm-none-eabi/lib/libg.a(libc_a-locale.o)
 .rodata._mbrtowc_r.str1.4
                0x02248d76        0x1 /opt/devkitpro/devkitARM/bin/../lib/gcc/arm-none-eabi/13.2.0/../../../../arm-none-eabi/lib/libg.a(libc_a-mbrtowc.o)
 *fill*         0x02248d76        0x2 ff
 .rodata._ctype_
                0x02248d78      0x101 /opt/devkitpro/devkitARM/bin/../lib/gcc/arm-none-eabi/13.2.0/../../../../arm-none-eabi/lib/libg.a(libc_a-ctype_.o)
                0x02248d78                _ctype_
 *fill*         0x02248e79        0x3 ff
 .rodata.categories
                0x02248e7c     0x3528 /opt/devkitpro/devkitARM/bin/../lib/gcc/arm-none-eabi/13.2.0/../../../../arm-none-eabi/lib/libg.a(libc_a-categories.o)
 .rodata._vfiprintf_r.str1.1
                0x0224c3a4       0x29 /opt/devkitpro/devkitARM/bin/../lib/gcc/arm-none-eabi/13.2.0/../../../../arm-none-eabi/lib/libg.a(libc_a-vfiprintf.o)
 *fill*         0x0224c3cd        0x3 ff
 .rodata.zeroes.0
                0x0224c3d0       0x10 /opt/devkitpro/devkitARM/bin/../lib/gcc/arm-none-eabi/13.2.0/../../../../arm-none-eabi/lib/libg.a(libc_a-vfiprintf.o)
 .rodata.blanks.1
                0x0224c3e0       0x10 /opt/devkitpro/devkitARM/bin/../lib/gcc/arm-none-eabi/13.2.0/../../../../arm-none-eabi/lib/libg.a(libc_a-vfiprintf.o)
 .rodata.__action_table
                0x0224c3f0       0x6c /opt/devkitpro/devkitARM/bin/../lib/gcc/arm-none-eabi/13.2.0/../../../../arm-none-eabi/lib/libg.a(libc_a-svfiprintf.o)
                0x0224c3f0                __action_table
 .rodata.__state_table
                0x0224c45c       0x6c /opt/devkitpro/devkitARM/bin/../lib/gcc/arm-none-eabi/13.2.0/../../../../arm-none-eabi/lib/libg.a(libc_a-svfiprintf.o)
                0x0224c45c                __state_table
 .rodata.__chclass
                0x0224c4c8      0x100 /opt/devkitpro/devkitARM/bin/../lib/gcc/arm-none-eabi/13.2.0/../../../../arm-none-eabi/lib/libg.a(libc_a-svfiprintf.o)
                0x0224c4c8                __chclass
 .rodata.AddDevice.str1.4
                0x0224c5c8        0x8 /opt/devkitpro/devkitARM/bin/../lib/gcc/arm-none-eabi/13.2.0/../../../../arm-none-eabi/lib/libsysbase.a(libsysbase_libsysbase_a-iosupport.o)
 .rodata.dotab_stdnull
                0x0224c5c8       0x80 /opt/devkitpro/devkitARM/bin/../lib/gcc/arm-none-eabi/13.2.0/../../../../arm-none-eabi/lib/libsysbase.a(libsysbase_libsysbase_a-iosupport.o)
                0x0224c5c8                dotab_stdnull
 *(EXCLUDE_FILE(*.twl*) .gnu.linkonce.r*)
                0x0224c648                        . = ALIGN (0x4)

.ARM.extab
 *(.ARM.extab* .gnu.linkonce.armextab.*)
                0x0224c648                        __exidx_start = .

ARM.exidx
 *(.ARM.exidx* .gnu.linkonce.armexidx.*)
                0x0224c648                        __exidx_end = .
                0x0224c648                        . = ALIGN (0x4)
                0x0224c648                        PROVIDE (__preinit_array_start = .)

.preinit_array
 *(.preinit_array)
                0x0224c648                        PROVIDE (__preinit_array_end = .)
                0x0224c648                        PROVIDE (__init_array_start = .)

.init_array     0x0224c648        0x4
 *(SORT_BY_NAME(.init_array.*))
 *(.init_array)
 .init_array    0x0224c648        0x4 /opt/devkitpro/devkitARM/bin/../lib/gcc/arm-none-eabi/13.2.0/crtbegin.o
                0x0224c64c                        PROVIDE (__init_array_end = .)
                [!provide]                        PROVIDE (__fini_array_start = .)

.fini_array     0x0224c64c        0x4
 *(.fini_array)
 .fini_array    0x0224c64c        0x4 /opt/devkitpro/devkitARM/bin/../lib/gcc/arm-none-eabi/13.2.0/crtbegin.o
 *(SORT_BY_NAME(.fini_array.*))
                [!provide]                        PROVIDE (__fini_array_end = .)

.ctors          0x0224c650        0x0
 *crtbegin.o(.ctors)
 *(EXCLUDE_FILE(*crtend.o) .ctors)
 *(SORT_BY_NAME(.ctors.*))
 *(.ctors)
                0x0224c650                        . = ALIGN (0x4)

.dtors          0x0224c650        0x0
 *crtbegin.o(.dtors)
 *(EXCLUDE_FILE(*crtend.o) .dtors)
 *(SORT_BY_NAME(.dtors.*))
 *(.dtors)
                0x0224c650                        . = ALIGN (0x4)

.eh_frame       0x0224c650        0x4
 *(.eh_frame)
 .eh_frame      0x0224c650        0x0 /opt/devkitpro/devkitARM/bin/../lib/gcc/arm-none-eabi/13.2.0/crtbegin.o
 .eh_frame      0x0224c650        0x4 /opt/devkitpro/devkitARM/bin/../lib/gcc/arm-none-eabi/13.2.0/crtend.o
                0x0224c654                        . = ALIGN (0x4)

.rel.dyn        0x0224c654        0x0
 .rel.iplt      0x0224c654        0x0 /opt/devkitpro/devkitARM/bin/../lib/gcc/arm-none-eabi/13.2.0/../../../../arm-none-eabi/lib/ds_arm9_crt0.o

.gcc_except_table
                0x0224c654        0x0
 *(.gcc_except_table)
                0x0224c654                        . = ALIGN (0x4)

.jcr
 *(.jcr)

.got
 *(.got.plt)
 *(.got)
 *(.rel.got)

.ewram          0x0224c654        0x0
                0x0224c654                        __ewram_start = ABSOLUTE (.)
 *(.ewram)
 *ewram.*(.text)
                0x0224c654                        . = ALIGN (0x4)

.data           0x0224c654     0x18c0
                0x0224c654                        __data_start = ABSOLUTE (.)
 *(EXCLUDE_FILE(*.twl*) .data)
 .data          0x0224c654       0x2c controls.o
                0x0224c658                y_coin_initial
                0x0224c65c                rockSpawnDelay
                0x0224c660                launch_obstacles
                0x0224c664                scale_coin
                0x0224c668                scale_rock
                0x0224c66c                scale_temple
                0x0224c670                scale_tree1
                0x0224c674                scale_tree2
                0x0224c678                min_value
                0x0224c67c                max_value
 .data          0x0224c680       0x28 /opt/devkitpro/libnds/lib/libnds9.a(mpu_setup.o)
 *(EXCLUDE_FILE(*.twl*) .data.*)
 .data.bgControl
                0x0224c6a8       0x20 /opt/devkitpro/libnds/lib/libnds9.a(background.o)
                0x0224c6a8                bgControl
 .data.bgScrollTable
                0x0224c6c8       0x20 /opt/devkitpro/libnds/lib/libnds9.a(background.o)
                0x0224c6c8                bgScrollTable
 .data.bgTransform
                0x0224c6e8       0x20 /opt/devkitpro/libnds/lib/libnds9.a(background.o)
                0x0224c6e8                bgTransform
 .data.currentConsole
                0x0224c708        0x4 /opt/devkitpro/libnds/lib/libnds9.a(console.o)
                0x0224c708                currentConsole
 .data.defaultConsole
                0x0224c70c       0x5c /opt/devkitpro/libnds/lib/libnds9.a(console.o)
                0x0224c70c                defaultConsole
 .data.firstConsoleInit.0
                0x0224c768        0x1 /opt/devkitpro/libnds/lib/libnds9.a(console.o)
 *fill*         0x0224c769        0x3 ff
 .data.oamMain  0x0224c76c       0x18 /opt/devkitpro/libnds/lib/libnds9.a(sprite.o)
                0x0224c76c                oamMain
 .data.oamSub   0x0224c784       0x18 /opt/devkitpro/libnds/lib/libnds9.a(sprite.o)
                0x0224c784                oamSub
 .data.count    0x0224c79c        0x1 /opt/devkitpro/libnds/lib/libnds9.a(keys.o)
 .data.delay    0x0224c79d        0x1 /opt/devkitpro/libnds/lib/libnds9.a(keys.o)
 .data.repeat   0x0224c79e        0x1 /opt/devkitpro/libnds/lib/libnds9.a(keys.o)
 *fill*         0x0224c79f        0x1 ff
 .data.fifo_buffer_free
                0x0224c7a0        0x4 /opt/devkitpro/libnds/lib/libnds9.a(fifosystem.o)
                0x0224c7a0                fifo_buffer_free
 .data.fifo_freewords
                0x0224c7a4        0x4 /opt/devkitpro/libnds/lib/libnds9.a(fifosystem.o)
                0x0224c7a4                fifo_freewords
 .data.fifo_receive_queue
                0x0224c7a8        0x4 /opt/devkitpro/libnds/lib/libnds9.a(fifosystem.o)
                0x0224c7a8                fifo_receive_queue
 .data.fifo_send_queue
                0x0224c7ac        0x4 /opt/devkitpro/libnds/lib/libnds9.a(fifosystem.o)
                0x0224c7ac                fifo_send_queue
 .data.__malloc_sbrk_base
                0x0224c7b0        0x4 /opt/devkitpro/devkitARM/bin/../lib/gcc/arm-none-eabi/13.2.0/../../../../arm-none-eabi/lib/libg.a(libc_a-mallocr.o)
                0x0224c7b0                __malloc_sbrk_base
 .data.__malloc_trim_threshold
                0x0224c7b4        0x4 /opt/devkitpro/devkitARM/bin/../lib/gcc/arm-none-eabi/13.2.0/../../../../arm-none-eabi/lib/libg.a(libc_a-mallocr.o)
                0x0224c7b4                __malloc_trim_threshold
 .data.__malloc_av_
                0x0224c7b8      0x408 /opt/devkitpro/devkitARM/bin/../lib/gcc/arm-none-eabi/13.2.0/../../../../arm-none-eabi/lib/libg.a(libc_a-mallocr.o)
                0x0224c7b8                __malloc_av_
 .data.__sglue  0x0224cbc0        0xc /opt/devkitpro/devkitARM/bin/../lib/gcc/arm-none-eabi/13.2.0/../../../../arm-none-eabi/lib/libg.a(libc_a-findfp.o)
                0x0224cbc0                __sglue
 .data.__global_locale
                0x0224cbcc      0x16c /opt/devkitpro/devkitARM/bin/../lib/gcc/arm-none-eabi/13.2.0/../../../../arm-none-eabi/lib/libg.a(libc_a-locale.o)
                0x0224cbcc                __global_locale
 .data._impure_ptr
                0x0224cd38        0x4 /opt/devkitpro/devkitARM/bin/../lib/gcc/arm-none-eabi/13.2.0/../../../../arm-none-eabi/lib/libg.a(libc_a-impure.o)
                0x0224cd38                _impure_ptr
 *fill*         0x0224cd3c        0x4 ff
 .data._impure_data
                0x0224cd40      0x120 /opt/devkitpro/devkitARM/bin/../lib/gcc/arm-none-eabi/13.2.0/../../../../arm-none-eabi/lib/libg.a(libc_a-impure.o)
                0x0224cd40                _impure_data
 .data.handles  0x0224ce60     0x1000 /opt/devkitpro/devkitARM/bin/../lib/gcc/arm-none-eabi/13.2.0/../../../../arm-none-eabi/lib/libsysbase.a(libsysbase_libsysbase_a-handle_manager.o)
 .data.__stderr_handle
                0x0224de60        0xc /opt/devkitpro/devkitARM/bin/../lib/gcc/arm-none-eabi/13.2.0/../../../../arm-none-eabi/lib/libsysbase.a(libsysbase_libsysbase_a-handle_manager.o)
 .data.__stdout_handle
                0x0224de6c        0xc /opt/devkitpro/devkitARM/bin/../lib/gcc/arm-none-eabi/13.2.0/../../../../arm-none-eabi/lib/libsysbase.a(libsysbase_libsysbase_a-handle_manager.o)
 .data.__stdin_handle
                0x0224de78        0xc /opt/devkitpro/devkitARM/bin/../lib/gcc/arm-none-eabi/13.2.0/../../../../arm-none-eabi/lib/libsysbase.a(libsysbase_libsysbase_a-handle_manager.o)
 .data.devoptab_list
                0x0224de84       0x8c /opt/devkitpro/devkitARM/bin/../lib/gcc/arm-none-eabi/13.2.0/../../../../arm-none-eabi/lib/libsysbase.a(libsysbase_libsysbase_a-iosupport.o)
                0x0224de84                devoptab_list
 .data.defaultDevice
                0x0224df10        0x4 /opt/devkitpro/devkitARM/bin/../lib/gcc/arm-none-eabi/13.2.0/../../../../arm-none-eabi/lib/libsysbase.a(libsysbase_libsysbase_a-iosupport.o)
 *(EXCLUDE_FILE(*.twl*) .gnu.linkonce.d*)
                0x0224df14                        . = ALIGN (0x4)
                0x0224df14                        __data_end = ABSOLUTE (.)
                0x0224df14                        __bss_vma = .

.igot.plt       0x0224df14        0x0
 .igot.plt      0x0224df14        0x0 /opt/devkitpro/devkitARM/bin/../lib/gcc/arm-none-eabi/13.2.0/../../../../arm-none-eabi/lib/ds_arm9_crt0.o

.dtcm           0x02ff0000        0x0 load address 0x0224df14
                0x0224df14                        __dtcm_lma = LOADADDR (.dtcm)
                0x02ff0000                        __dtcm_start = ABSOLUTE (.)
 *(.dtcm)
 *(.dtcm.*)
                0x02ff0000                        . = ALIGN (0x4)
                0x02ff0000                        __dtcm_end = ABSOLUTE (.)

.itcm           0x01000100      0x194 load address 0x0224df14
                0x0224df14                        __itcm_lma = LOADADDR (.itcm)
                0x01000100                        __itcm_start = ABSOLUTE (.)
 *(.itcm)
 .itcm          0x01000100       0xc8 /opt/devkitpro/libnds/lib/libnds9.a(interrupts.o)
                0x01000100                irqTable
 .itcm          0x010001c8       0xcc /opt/devkitpro/libnds/lib/libnds9.a(interruptDispatcher.o)
                0x010001c8                IntrMain
 *.itcm*(.text .stub .text.*)
                0x01000294                        . = ALIGN (0x4)
                0x01000294                        __itcm_end = ABSOLUTE (.)

.vectors        0x01000000        0x0 load address 0x0224e0a8
                0x0224e0a8                        __vectors_lma = LOADADDR (.vectors)
                0x01000000                        __vectors_start = ABSOLUTE (.)
 *(.vectors .vectors.*)
                0x01000000                        . = ALIGN (0x4)
                0x01000000                        __vectors_end = ABSOLUTE (.)

.sbss           0x02ff0000        0x0
                0x02ff0000                        __sbss_start = ABSOLUTE (.)
                0x02ff0000                        __sbss_start__ = ABSOLUTE (.)
 *(.sbss)
                0x02ff0000                        . = ALIGN (0x4)
                0x02ff0000                        __sbss_end = ABSOLUTE (.)

.bss            0x0224df14     0x1738
                0x0224df14                        __bss_start = ABSOLUTE (.)
                0x0224df14                        __bss_start__ = ABSOLUTE (.)
 *(EXCLUDE_FILE(*.twl*) .dynbss)
 *(EXCLUDE_FILE(*.twl*) .gnu.linkonce.b*)
 *(EXCLUDE_FILE(*.twl*) .bss*)
 .bss.completed.1
                0x0224df14        0x1 /opt/devkitpro/devkitARM/bin/../lib/gcc/arm-none-eabi/13.2.0/crtbegin.o
 *fill*         0x0224df15        0x3 
 .bss.object.0  0x0224df18       0x18 /opt/devkitpro/devkitARM/bin/../lib/gcc/arm-none-eabi/13.2.0/crtbegin.o
 .bss           0x0224df30       0x88 controls.o
                0x0224df30                player
                0x0224df34                x_player
                0x0224df38                y_player
                0x0224df3c                player_sub
                0x0224df40                x_player_sub
                0x0224df44                y_player_sub
                0x0224df48                coin
                0x0224df4c                x_coin
                0x0224df50                y_coin
                0x0224df54                nb_coins
                0x0224df58                coin_sub
                0x0224df5c                coin_x_sub_game
                0x0224df60                coin_x_sub_menu
                0x0224df64                obst_rock
                0x0224df68                x_rock
                0x0224df6c                y_rock
                0x0224df70                temple
                0x0224df74                x_temple
                0x0224df78                y_temple
                0x0224df7c                y_temple_initial
                0x0224df80                tree1
                0x0224df84                x_tree1
                0x0224df88                y_tree1
                0x0224df8c                y_tree1_initial
                0x0224df90                tree2
                0x0224df94                x_tree2
                0x0224df98                y_tree2
                0x0224df9c                y_tree2_initial
                0x0224dfa0                collision_detected
                0x0224dfa1                level_finished
                0x0224dfa2                game_end
                0x0224dfa4                cnt
                0x0224dfa8                unlock
                0x0224dfac                level
                0x0224dfb0                image
                0x0224dfb4                sound
 .bss           0x0224dfb8        0x4 timer_management.o
                0x0224dfb8                count
 .bss.bgIsTextLut
                0x0224dfbc        0x8 /opt/devkitpro/libnds/lib/libnds9.a(background.o)
                0x0224dfbc                bgIsTextLut
 .bss.bgState   0x0224dfc4      0x140 /opt/devkitpro/libnds/lib/libnds9.a(background.o)
                0x0224dfc4                bgState
 .bss.currentCopy
                0x0224e104       0x5c /opt/devkitpro/libnds/lib/libnds9.a(console.o)
                0x0224e104                currentCopy
 .bss.glGlobalData
                0x0224e160       0x54 /opt/devkitpro/libnds/lib/libnds9.a(videoGL.o)
                0x0224e160                glGlobalData
 .bss.OamMemory
                0x0224e1b4      0x400 /opt/devkitpro/libnds/lib/libnds9.a(sprite.o)
                0x0224e1b4                OamMemory
 .bss.OamMemorySub
                0x0224e5b4      0x400 /opt/devkitpro/libnds/lib/libnds9.a(sprite.o)
                0x0224e5b4                OamMemorySub
 .bss.keys      0x0224e9b4        0x2 /opt/devkitpro/libnds/lib/libnds9.a(keys.o)
 .bss.keysold   0x0224e9b6        0x2 /opt/devkitpro/libnds/lib/libnds9.a(keys.o)
 .bss.keysrepeat
                0x0224e9b8        0x2 /opt/devkitpro/libnds/lib/libnds9.a(keys.o)
 .bss.__dsimode
                0x0224e9ba        0x1 /opt/devkitpro/libnds/lib/libnds9.a(initSystem.o)
                0x0224e9ba                __dsimode
 *fill*         0x0224e9bb        0x1 
 .bss.punixTime
                0x0224e9bc        0x4 /opt/devkitpro/libnds/lib/libnds9.a(initSystem.o)
                0x0224e9bc                punixTime
 .bss.fifo_address_data
                0x0224e9c0       0x40 /opt/devkitpro/libnds/lib/libnds9.a(fifosystem.o)
                0x0224e9c0                fifo_address_data
 .bss.fifo_address_func
                0x0224ea00       0x40 /opt/devkitpro/libnds/lib/libnds9.a(fifosystem.o)
                0x0224ea00                fifo_address_func
 .bss.fifo_address_queue
                0x0224ea40       0x40 /opt/devkitpro/libnds/lib/libnds9.a(fifosystem.o)
                0x0224ea40                fifo_address_queue
 .bss.fifo_buffer
                0x0224ea80      0x800 /opt/devkitpro/libnds/lib/libnds9.a(fifosystem.o)
                0x0224ea80                fifo_buffer
 .bss.fifo_data_queue
                0x0224f280       0x40 /opt/devkitpro/libnds/lib/libnds9.a(fifosystem.o)
                0x0224f280                fifo_data_queue
 .bss.fifo_datamsg_data
                0x0224f2c0       0x40 /opt/devkitpro/libnds/lib/libnds9.a(fifosystem.o)
                0x0224f2c0                fifo_datamsg_data
 .bss.fifo_datamsg_func
                0x0224f300       0x40 /opt/devkitpro/libnds/lib/libnds9.a(fifosystem.o)
                0x0224f300                fifo_datamsg_func
 .bss.fifo_value32_data
                0x0224f340       0x40 /opt/devkitpro/libnds/lib/libnds9.a(fifosystem.o)
                0x0224f340                fifo_value32_data
 .bss.fifo_value32_func
                0x0224f380       0x40 /opt/devkitpro/libnds/lib/libnds9.a(fifosystem.o)
                0x0224f380                fifo_value32_func
 .bss.fifo_value32_queue
                0x0224f3c0       0x40 /opt/devkitpro/libnds/lib/libnds9.a(fifosystem.o)
                0x0224f3c0                fifo_value32_queue
 .bss.processing
                0x0224f400        0x4 /opt/devkitpro/libnds/lib/libnds9.a(fifosystem.o)
                0x0224f400                processing
 .bss.SDcallback
                0x0224f404        0x4 /opt/devkitpro/libnds/lib/libnds9.a(system.o)
 .bss           0x0224f408       0x18 /opt/devkitpro/libnds/lib/libmm9.a(mm_comms.o)
 .bss           0x0224f420       0x19 /opt/devkitpro/libnds/lib/libmm9.a(mm_main9.o)
                0x0224f420                mmcbMemory
                0x0224f424                mmModuleCount
                0x0224f428                mmSampleCount
                0x0224f42c                mmModuleBank
                0x0224f42c                mmMemoryBank
                0x0224f430                mmSampleBank
                0x0224f434                mmCallback
                0x0224f438                mmActiveStatus
 *fill*         0x0224f439        0x3 
 .bss           0x0224f43c       0x44 /opt/devkitpro/libnds/lib/libmm9.a(mm_soundbank.o)
 .bss.__malloc_current_mallinfo
                0x0224f480       0x28 /opt/devkitpro/devkitARM/bin/../lib/gcc/arm-none-eabi/13.2.0/../../../../arm-none-eabi/lib/libg.a(libc_a-mallocr.o)
                0x0224f480                __malloc_current_mallinfo
 .bss.__malloc_max_total_mem
                0x0224f4a8        0x4 /opt/devkitpro/devkitARM/bin/../lib/gcc/arm-none-eabi/13.2.0/../../../../arm-none-eabi/lib/libg.a(libc_a-mallocr.o)
                0x0224f4a8                __malloc_max_total_mem
 .bss.__malloc_max_sbrked_mem
                0x0224f4ac        0x4 /opt/devkitpro/devkitARM/bin/../lib/gcc/arm-none-eabi/13.2.0/../../../../arm-none-eabi/lib/libg.a(libc_a-mallocr.o)
                0x0224f4ac                __malloc_max_sbrked_mem
 .bss.__malloc_top_pad
                0x0224f4b0        0x4 /opt/devkitpro/devkitARM/bin/../lib/gcc/arm-none-eabi/13.2.0/../../../../arm-none-eabi/lib/libg.a(libc_a-mallocr.o)
                0x0224f4b0                __malloc_top_pad
 .bss.__malloc_recursive_mutex
                0x0224f4b4        0xc /opt/devkitpro/devkitARM/bin/../lib/gcc/arm-none-eabi/13.2.0/../../../../arm-none-eabi/lib/libg.a(libc_a-mlock.o)
 .bss.__sfp_recursive_mutex
                0x0224f4c0        0xc /opt/devkitpro/devkitARM/bin/../lib/gcc/arm-none-eabi/13.2.0/../../../../arm-none-eabi/lib/libg.a(libc_a-findfp.o)
 *fill*         0x0224f4cc        0x4 
 .bss.__sf      0x0224f4d0      0x168 /opt/devkitpro/devkitARM/bin/../lib/gcc/arm-none-eabi/13.2.0/../../../../arm-none-eabi/lib/libg.a(libc_a-findfp.o)
                0x0224f4d0                __sf
 .bss.__stdio_exit_handler
                0x0224f638        0x4 /opt/devkitpro/devkitARM/bin/../lib/gcc/arm-none-eabi/13.2.0/../../../../arm-none-eabi/lib/libg.a(libc_a-findfp.o)
                0x0224f638                __stdio_exit_handler
 .bss.__hndl_lock
                0x0224f63c        0x4 /opt/devkitpro/devkitARM/bin/../lib/gcc/arm-none-eabi/13.2.0/../../../../arm-none-eabi/lib/libsysbase.a(libsysbase_libsysbase_a-handle_manager.o)
 .bss.fake_heap_start
                0x0224f640        0x4 /opt/devkitpro/devkitARM/bin/../lib/gcc/arm-none-eabi/13.2.0/../../../../arm-none-eabi/lib/libsysbase.a(libsysbase_libsysbase_a-malloc_vars.o)
                0x0224f640                fake_heap_start
 .bss.fake_heap_end
                0x0224f644        0x4 /opt/devkitpro/devkitARM/bin/../lib/gcc/arm-none-eabi/13.2.0/../../../../arm-none-eabi/lib/libsysbase.a(libsysbase_libsysbase_a-malloc_vars.o)
                0x0224f644                fake_heap_end
 .bss.heap_start.0
                0x0224f648        0x4 /opt/devkitpro/devkitARM/bin/../lib/gcc/arm-none-eabi/13.2.0/../../../../arm-none-eabi/lib/libsysbase.a(libsysbase_libsysbase_a-sbrk.o)
 *(EXCLUDE_FILE(*.twl*) COMMON)
                0x0224f64c                        . = ALIGN (0x4)
                0x0224f64c                        __bss_end__ = ABSOLUTE (.)
                0x0224f64c                        __end__ = ABSOLUTE (.)

.twl            0x0224f64c        0x0 load address 0x02400000
                0x02400000                        __arm9i_lma__ = LOADADDR (.twl)
                0x0224f64c                        __arm9i_start__ = ABSOLUTE (.)
 *(.twl)
 *.twl*(.text .stub .text.* .gnu.linkonce.t.*)
 *.twl*(.rodata)
 *.twl*(.roda)
 *.twl*(.rodata.*)
 *.twl*(.data)
 *.twl*(.data.*)
 *.twl*(.gnu.linkonce.d*)
                0x0224f64c                        __arm9i_end__ = ABSOLUTE (.)

.twl_bss        0x0224f64c        0x0
                0x0224f64c                        __twl_bss_start__ = ABSOLUTE (.)
 *(.twl_bss)
 *.twl*(.dynbss)
 *.twl*(.gnu.linkonce.b*)
 *.twl*(.bss*)
 *.twl*(COMMON)
                0x0224f64c                        . = ALIGN (0x4)
                0x0224f64c                        __twl_bss_end__ = ABSOLUTE (.)
                0x0224f64c                        __twl_end__ = ABSOLUTE (.)

.stab
 *(.stab)

.stabstr
 *(.stabstr)

.stab.excl
 *(.stab.excl)

.stab.exclstr
 *(.stab.exclstr)

.stab.index
 *(.stab.index)

.stab.indexstr
 *(.stab.indexstr)

.comment        0x00000000       0x46
 *(.comment)
 .comment       0x00000000       0x46 /opt/devkitpro/devkitARM/bin/../lib/gcc/arm-none-eabi/13.2.0/crtbegin.o
                                 0x24 (size before relaxing)
 .comment       0x00000046       0x24 controls.o
 .comment       0x00000046       0x24 audio.o
 .comment       0x00000046       0x24 main.o
 .comment       0x00000046       0x24 timer_management.o
 .comment       0x00000046       0x24 graphics.o
 .comment       0x00000046       0x24 /opt/devkitpro/libnds/lib/libnds9.a(background.o)
 .comment       0x00000046       0x24 /opt/devkitpro/libnds/lib/libnds9.a(trig.o)
 .comment       0x00000046       0x24 /opt/devkitpro/libnds/lib/libnds9.a(touch.o)
 .comment       0x00000046       0x24 /opt/devkitpro/libnds/lib/libnds9.a(sassert.o)
 .comment       0x00000046       0x24 /opt/devkitpro/libnds/lib/libnds9.a(sprite_alloc.o)
 .comment       0x00000046       0x24 /opt/devkitpro/libnds/lib/libnds9.a(console.o)
 .comment       0x00000046       0x24 /opt/devkitpro/libnds/lib/libnds9.a(videoGL.o)
 .comment       0x00000046       0x24 /opt/devkitpro/libnds/lib/libnds9.a(sprite.o)
 .comment       0x00000046       0x24 /opt/devkitpro/libnds/lib/libnds9.a(keys.o)
 .comment       0x00000046       0x24 /opt/devkitpro/libnds/lib/libnds9.a(initSystem.o)
 .comment       0x00000046       0x24 /opt/devkitpro/libnds/lib/libnds9.a(securearea.o)
 .comment       0x00000046       0x24 /opt/devkitpro/libnds/lib/libnds9.a(interrupts.o)
 .comment       0x00000046       0x24 /opt/devkitpro/libnds/lib/libnds9.a(libnds_exit.arm.o)
 .comment       0x00000046       0x24 /opt/devkitpro/libnds/lib/libnds9.a(fifosystem.o)
 .comment       0x00000046       0x24 /opt/devkitpro/libnds/lib/libnds9.a(video.o)
 .comment       0x00000046       0x24 /opt/devkitpro/libnds/lib/libnds9.a(system.o)
 .comment       0x00000046       0x24 /opt/devkitpro/devkitARM/bin/../lib/gcc/arm-none-eabi/13.2.0/../../../../arm-none-eabi/lib/libg.a(libc_a-siscanf.o)
 .comment       0x00000046       0x24 /opt/devkitpro/devkitARM/bin/../lib/gcc/arm-none-eabi/13.2.0/../../../../arm-none-eabi/lib/libg.a(libc_a-setvbuf.o)
 .comment       0x00000046       0x24 /opt/devkitpro/devkitARM/bin/../lib/gcc/arm-none-eabi/13.2.0/../../../../arm-none-eabi/lib/libg.a(libc_a-svfiscanf.o)
 .comment       0x00000046       0x24 /opt/devkitpro/devkitARM/bin/../lib/gcc/arm-none-eabi/13.2.0/../../../../arm-none-eabi/lib/libg.a(libc_a-freer.o)
 .comment       0x00000046       0x24 /opt/devkitpro/devkitARM/bin/../lib/gcc/arm-none-eabi/13.2.0/../../../../arm-none-eabi/lib/libg.a(libc_a-iprintf.o)
 .comment       0x00000046       0x24 /opt/devkitpro/devkitARM/bin/../lib/gcc/arm-none-eabi/13.2.0/../../../../arm-none-eabi/lib/libg.a(libc_a-fclose.o)
 .comment       0x00000046       0x24 /opt/devkitpro/devkitARM/bin/../lib/gcc/arm-none-eabi/13.2.0/../../../../arm-none-eabi/lib/libg.a(libc_a-malloc.o)
 .comment       0x00000046       0x24 /opt/devkitpro/devkitARM/bin/../lib/gcc/arm-none-eabi/13.2.0/../../../../arm-none-eabi/lib/libg.a(libc_a-viprintf.o)
 .comment       0x00000046       0x24 /opt/devkitpro/devkitARM/bin/../lib/gcc/arm-none-eabi/13.2.0/../../../../arm-none-eabi/lib/libg.a(libc_a-mallocr.o)
 .comment       0x00000046       0x24 /opt/devkitpro/devkitARM/bin/../lib/gcc/arm-none-eabi/13.2.0/../../../../arm-none-eabi/lib/libg.a(libc_a-memset.o)
 .comment       0x00000046       0x24 /opt/devkitpro/devkitARM/bin/../lib/gcc/arm-none-eabi/13.2.0/../../../../arm-none-eabi/lib/libg.a(libc_a-mlock.o)
 .comment       0x00000046       0x24 /opt/devkitpro/devkitARM/bin/../lib/gcc/arm-none-eabi/13.2.0/../../../../arm-none-eabi/lib/libg.a(libc_a-strlen.o)
 .comment       0x00000046       0x24 /opt/devkitpro/devkitARM/bin/../lib/gcc/arm-none-eabi/13.2.0/../../../../arm-none-eabi/lib/libg.a(libc_a-fopen.o)
 .comment       0x00000046       0x24 /opt/devkitpro/devkitARM/bin/../lib/gcc/arm-none-eabi/13.2.0/../../../../arm-none-eabi/lib/libg.a(libc_a-fflush.o)
 .comment       0x00000046       0x24 /opt/devkitpro/devkitARM/bin/../lib/gcc/arm-none-eabi/13.2.0/../../../../arm-none-eabi/lib/libg.a(libc_a-fwalk.o)
 .comment       0x00000046       0x24 /opt/devkitpro/devkitARM/bin/../lib/gcc/arm-none-eabi/13.2.0/../../../../arm-none-eabi/lib/libg.a(libc_a-fread.o)
 .comment       0x00000046       0x24 /opt/devkitpro/devkitARM/bin/../lib/gcc/arm-none-eabi/13.2.0/../../../../arm-none-eabi/lib/libg.a(libc_a-findfp.o)
 .comment       0x00000046       0x24 /opt/devkitpro/devkitARM/bin/../lib/gcc/arm-none-eabi/13.2.0/../../../../arm-none-eabi/lib/libg.a(libc_a-rand.o)
 .comment       0x00000046       0x24 /opt/devkitpro/devkitARM/bin/../lib/gcc/arm-none-eabi/13.2.0/../../../../arm-none-eabi/lib/libg.a(libc_a-fseek.o)
 .comment       0x00000046       0x24 /opt/devkitpro/devkitARM/bin/../lib/gcc/arm-none-eabi/13.2.0/../../../../arm-none-eabi/lib/libg.a(libc_a-strtol.o)
 .comment       0x00000046       0x24 /opt/devkitpro/devkitARM/bin/../lib/gcc/arm-none-eabi/13.2.0/../../../../arm-none-eabi/lib/libg.a(libc_a-realloc.o)
 .comment       0x00000046       0x24 /opt/devkitpro/devkitARM/bin/../lib/gcc/arm-none-eabi/13.2.0/../../../../arm-none-eabi/lib/libg.a(libc_a-strtoul.o)
 .comment       0x00000046       0x24 /opt/devkitpro/devkitARM/bin/../lib/gcc/arm-none-eabi/13.2.0/../../../../arm-none-eabi/lib/libg.a(libc_a-locale.o)
 .comment       0x00000046       0x24 /opt/devkitpro/devkitARM/bin/../lib/gcc/arm-none-eabi/13.2.0/../../../../arm-none-eabi/lib/libg.a(libc_a-time.o)
 .comment       0x00000046       0x24 /opt/devkitpro/devkitARM/bin/../lib/gcc/arm-none-eabi/13.2.0/../../../../arm-none-eabi/lib/libg.a(libc_a-wctomb_r.o)
 .comment       0x00000046       0x24 /opt/devkitpro/devkitARM/bin/../lib/gcc/arm-none-eabi/13.2.0/../../../../arm-none-eabi/lib/libg.a(libc_a-memcpy-stub.o)
 .comment       0x00000046       0x24 /opt/devkitpro/devkitARM/bin/../lib/gcc/arm-none-eabi/13.2.0/../../../../arm-none-eabi/lib/libg.a(libc_a-impure.o)
 .comment       0x00000046       0x24 /opt/devkitpro/devkitARM/bin/../lib/gcc/arm-none-eabi/13.2.0/../../../../arm-none-eabi/lib/libg.a(libc_a-init.o)
 .comment       0x00000046       0x24 /opt/devkitpro/devkitARM/bin/../lib/gcc/arm-none-eabi/13.2.0/../../../../arm-none-eabi/lib/libg.a(libc_a-errno.o)
 .comment       0x00000046       0x24 /opt/devkitpro/devkitARM/bin/../lib/gcc/arm-none-eabi/13.2.0/../../../../arm-none-eabi/lib/libg.a(libc_a-strtoll.o)
 .comment       0x00000046       0x24 /opt/devkitpro/devkitARM/bin/../lib/gcc/arm-none-eabi/13.2.0/../../../../arm-none-eabi/lib/libg.a(libc_a-strtoull.o)
 .comment       0x00000046       0x24 /opt/devkitpro/devkitARM/bin/../lib/gcc/arm-none-eabi/13.2.0/../../../../arm-none-eabi/lib/libg.a(libc_a-iswspace.o)
 .comment       0x00000046       0x24 /opt/devkitpro/devkitARM/bin/../lib/gcc/arm-none-eabi/13.2.0/../../../../arm-none-eabi/lib/libg.a(libc_a-mbrtowc.o)
 .comment       0x00000046       0x24 /opt/devkitpro/devkitARM/bin/../lib/gcc/arm-none-eabi/13.2.0/../../../../arm-none-eabi/lib/libg.a(libc_a-makebuf.o)
 .comment       0x00000046       0x24 /opt/devkitpro/devkitARM/bin/../lib/gcc/arm-none-eabi/13.2.0/../../../../arm-none-eabi/lib/libg.a(libc_a-iswspace_l.o)
 .comment       0x00000046       0x24 /opt/devkitpro/devkitARM/bin/../lib/gcc/arm-none-eabi/13.2.0/../../../../arm-none-eabi/lib/libg.a(libc_a-ctype_.o)
 .comment       0x00000046       0x24 /opt/devkitpro/devkitARM/bin/../lib/gcc/arm-none-eabi/13.2.0/../../../../arm-none-eabi/lib/libg.a(libc_a-sccl.o)
 .comment       0x00000046       0x24 /opt/devkitpro/devkitARM/bin/../lib/gcc/arm-none-eabi/13.2.0/../../../../arm-none-eabi/lib/libg.a(libc_a-refill.o)
 .comment       0x00000046       0x24 /opt/devkitpro/devkitARM/bin/../lib/gcc/arm-none-eabi/13.2.0/../../../../arm-none-eabi/lib/libg.a(libc_a-ungetc.o)
 .comment       0x00000046       0x24 /opt/devkitpro/devkitARM/bin/../lib/gcc/arm-none-eabi/13.2.0/../../../../arm-none-eabi/lib/libg.a(libc_a-stdio.o)
 .comment       0x00000046       0x24 /opt/devkitpro/devkitARM/bin/../lib/gcc/arm-none-eabi/13.2.0/../../../../arm-none-eabi/lib/libg.a(libc_a-categories.o)
 .comment       0x00000046       0x24 /opt/devkitpro/devkitARM/bin/../lib/gcc/arm-none-eabi/13.2.0/../../../../arm-none-eabi/lib/libg.a(libc_a-vfiprintf.o)
 .comment       0x00000046       0x24 /opt/devkitpro/devkitARM/bin/../lib/gcc/arm-none-eabi/13.2.0/../../../../arm-none-eabi/lib/libg.a(libc_a-svfiprintf.o)
 .comment       0x00000046       0x24 /opt/devkitpro/devkitARM/bin/../lib/gcc/arm-none-eabi/13.2.0/../../../../arm-none-eabi/lib/libg.a(libc_a-wsetup.o)
 .comment       0x00000046       0x24 /opt/devkitpro/devkitARM/bin/../lib/gcc/arm-none-eabi/13.2.0/../../../../arm-none-eabi/lib/libg.a(libc_a-strchr.o)
 .comment       0x00000046       0x24 /opt/devkitpro/devkitARM/bin/../lib/gcc/arm-none-eabi/13.2.0/../../../../arm-none-eabi/lib/libg.a(libc_a-memmove.o)
 .comment       0x00000046       0x24 /opt/devkitpro/devkitARM/bin/../lib/gcc/arm-none-eabi/13.2.0/../../../../arm-none-eabi/lib/libg.a(libc_a-fseeko.o)
 .comment       0x00000046       0x24 /opt/devkitpro/devkitARM/bin/../lib/gcc/arm-none-eabi/13.2.0/../../../../arm-none-eabi/lib/libg.a(libc_a-flags.o)
 .comment       0x00000046       0x24 /opt/devkitpro/devkitARM/bin/../lib/gcc/arm-none-eabi/13.2.0/../../../../arm-none-eabi/lib/libg.a(libc_a-fvwrite.o)
 .comment       0x00000046       0x24 /opt/devkitpro/devkitARM/bin/../lib/gcc/arm-none-eabi/13.2.0/../../../../arm-none-eabi/lib/libg.a(libc_a-strncmp.o)
 .comment       0x00000046       0x24 /opt/devkitpro/devkitARM/bin/../lib/gcc/arm-none-eabi/13.2.0/../../../../arm-none-eabi/lib/libg.a(libc_a-reallocr.o)
 .comment       0x00000046       0x24 /opt/devkitpro/devkitARM/bin/../lib/gcc/arm-none-eabi/13.2.0/../../../../arm-none-eabi/lib/libg.a(libc_a-strncpy.o)
 .comment       0x00000046       0x24 /opt/devkitpro/devkitARM/bin/../lib/gcc/arm-none-eabi/13.2.0/../../../../arm-none-eabi/lib/libg.a(libc_a-mbtowc_r.o)
 .comment       0x00000046       0x24 /opt/devkitpro/devkitARM/bin/../lib/gcc/arm-none-eabi/13.2.0/../../../../arm-none-eabi/lib/libg.a(libc_a-localeconv.o)
 .comment       0x00000046       0x24 /opt/devkitpro/devkitARM/bin/../lib/gcc/arm-none-eabi/13.2.0/../../../../arm-none-eabi/lib/libg.a(libc_a-memchr-stub.o)
 .comment       0x00000046       0x24 /opt/devkitpro/devkitARM/bin/../lib/gcc/arm-none-eabi/13.2.0/../../../../arm-none-eabi/lib/libg.a(libc_a-wcrtomb.o)
 .comment       0x00000046       0x24 /opt/devkitpro/devkitARM/bin/../lib/gcc/arm-none-eabi/13.2.0/../../../../arm-none-eabi/lib/libg.a(libc_a-wcsrtombs.o)
 .comment       0x00000046       0x24 /opt/devkitpro/devkitARM/bin/../lib/gcc/arm-none-eabi/13.2.0/../../../../arm-none-eabi/lib/libg.a(libc_a-wcsnrtombs.o)
 .comment       0x00000046       0x24 /opt/devkitpro/devkitARM/bin/../lib/gcc/arm-none-eabi/13.2.0/../../../../arm-none-eabi/lib/libsysbase.a(libsysbase_libsysbase_a-build_argv.o)
 .comment       0x00000046       0x24 /opt/devkitpro/devkitARM/bin/../lib/gcc/arm-none-eabi/13.2.0/../../../../arm-none-eabi/lib/libsysbase.a(libsysbase_libsysbase_a-fstat.o)
 .comment       0x00000046       0x24 /opt/devkitpro/devkitARM/bin/../lib/gcc/arm-none-eabi/13.2.0/../../../../arm-none-eabi/lib/libsysbase.a(libsysbase_libsysbase_a-getreent.o)
 .comment       0x00000046       0x24 /opt/devkitpro/devkitARM/bin/../lib/gcc/arm-none-eabi/13.2.0/../../../../arm-none-eabi/lib/libsysbase.a(libsysbase_libsysbase_a-gettod.o)
 .comment       0x00000046       0x24 /opt/devkitpro/devkitARM/bin/../lib/gcc/arm-none-eabi/13.2.0/../../../../arm-none-eabi/lib/libsysbase.a(libsysbase_libsysbase_a-handle_manager.o)
 .comment       0x00000046       0x24 /opt/devkitpro/devkitARM/bin/../lib/gcc/arm-none-eabi/13.2.0/../../../../arm-none-eabi/lib/libsysbase.a(libsysbase_libsysbase_a-iosupport.o)
 .comment       0x00000046       0x24 /opt/devkitpro/devkitARM/bin/../lib/gcc/arm-none-eabi/13.2.0/../../../../arm-none-eabi/lib/libsysbase.a(libsysbase_libsysbase_a-isatty.o)
 .comment       0x00000046       0x24 /opt/devkitpro/devkitARM/bin/../lib/gcc/arm-none-eabi/13.2.0/../../../../arm-none-eabi/lib/libsysbase.a(libsysbase_libsysbase_a-lseek.o)
 .comment       0x00000046       0x24 /opt/devkitpro/devkitARM/bin/../lib/gcc/arm-none-eabi/13.2.0/../../../../arm-none-eabi/lib/libsysbase.a(libsysbase_libsysbase_a-malloc_vars.o)
 .comment       0x00000046       0x24 /opt/devkitpro/devkitARM/bin/../lib/gcc/arm-none-eabi/13.2.0/../../../../arm-none-eabi/lib/libsysbase.a(libsysbase_libsysbase_a-open.o)
 .comment       0x00000046       0x24 /opt/devkitpro/devkitARM/bin/../lib/gcc/arm-none-eabi/13.2.0/../../../../arm-none-eabi/lib/libsysbase.a(libsysbase_libsysbase_a-read.o)
 .comment       0x00000046       0x24 /opt/devkitpro/devkitARM/bin/../lib/gcc/arm-none-eabi/13.2.0/../../../../arm-none-eabi/lib/libsysbase.a(libsysbase_libsysbase_a-sbrk.o)
 .comment       0x00000046       0x24 /opt/devkitpro/devkitARM/bin/../lib/gcc/arm-none-eabi/13.2.0/../../../../arm-none-eabi/lib/libsysbase.a(libsysbase_libsysbase_a-syscall_support.o)
 .comment       0x00000046       0x24 /opt/devkitpro/devkitARM/bin/../lib/gcc/arm-none-eabi/13.2.0/../../../../arm-none-eabi/lib/libsysbase.a(libsysbase_libsysbase_a-write.o)
 .comment       0x00000046       0x24 /opt/devkitpro/devkitARM/bin/../lib/gcc/arm-none-eabi/13.2.0/libgcc.a(_udivmoddi4.o)
 .comment       0x00000046       0x24 /opt/devkitpro/devkitARM/bin/../lib/gcc/arm-none-eabi/13.2.0/crtend.o

.ARM.attributes
                0x00000000       0x2d
 .ARM.attributes
                0x00000000       0x21 /opt/devkitpro/devkitARM/bin/../lib/gcc/arm-none-eabi/13.2.0/../../../../arm-none-eabi/lib/ds_arm9_crt0.o
 .ARM.attributes
                0x00000021       0x1c /opt/devkitpro/devkitARM/bin/../lib/gcc/arm-none-eabi/13.2.0/crti.o
 .ARM.attributes
                0x0000003d       0x2a /opt/devkitpro/devkitARM/bin/../lib/gcc/arm-none-eabi/13.2.0/crtbegin.o
 .ARM.attributes
                0x00000067       0x1a soundbank.bin.o
 .ARM.attributes
                0x00000081       0x1a progression.o
 .ARM.attributes
                0x0000009b       0x1a reset_main.o
 .ARM.attributes
                0x000000b5       0x1a player2.o
 .ARM.attributes
                0x000000cf       0x1a temple.o
 .ARM.attributes
                0x000000e9       0x1a player3.o
 .ARM.attributes
                0x00000103       0x1a progression3.o
 .ARM.attributes
                0x0000011d       0x1a player_sub.o
 .ARM.attributes
                0x00000137       0x1a reset_sub.o
 .ARM.attributes
                0x00000151       0x1a player_sub2.o
 .ARM.attributes
                0x0000016b       0x1a camel1.o
 .ARM.attributes
                0x00000185       0x1a menu_main.o
 .ARM.attributes
                0x0000019f       0x1a game_main3.o
 .ARM.attributes
                0x000001b9       0x1a progression2.o
 .ARM.attributes
                0x000001d3       0x1a game_main2.o
 .ARM.attributes
                0x000001ed       0x1a game_main.o
 .ARM.attributes
                0x00000207       0x1a tree2.o
 .ARM.attributes
                0x00000221       0x1a menu_sub3.o
 .ARM.attributes
                0x0000023b       0x1a camel2.o
 .ARM.attributes
                0x00000255       0x1a temple3.o
 .ARM.attributes
                0x0000026f       0x1a menu_sub2.o
 .ARM.attributes
                0x00000289       0x1a cactus1.o
 .ARM.attributes
                0x000002a3       0x1a player_sub3.o
 .ARM.attributes
                0x000002bd       0x1a game_over.o
 .ARM.attributes
                0x000002d7       0x1a temple2.o
 .ARM.attributes
                0x000002f1       0x1a coin.o
 .ARM.attributes
                0x0000030b       0x1a tree1.o
 .ARM.attributes
                0x00000325       0x1a rock.o
 .ARM.attributes
                0x0000033f       0x1a cactus2.o
 .ARM.attributes
                0x00000359       0x1a player.o
 .ARM.attributes
                0x00000373       0x1a menu_sub.o
 .ARM.attributes
                0x0000038d       0x27 controls.o
 .ARM.attributes
                0x000003b4       0x27 audio.o
 .ARM.attributes
                0x000003db       0x27 main.o
 .ARM.attributes
                0x00000402       0x27 timer_management.o
 .ARM.attributes
                0x00000429       0x27 graphics.o
 .ARM.attributes
                0x00000450       0x2b /opt/devkitpro/libnds/lib/libnds9.a(background.o)
 .ARM.attributes
                0x0000047b       0x2b /opt/devkitpro/libnds/lib/libnds9.a(trig.o)
 .ARM.attributes
                0x000004a6       0x2b /opt/devkitpro/libnds/lib/libnds9.a(touch.o)
 .ARM.attributes
                0x000004d1       0x2b /opt/devkitpro/libnds/lib/libnds9.a(sassert.o)
 .ARM.attributes
                0x000004fc       0x2b /opt/devkitpro/libnds/lib/libnds9.a(sprite_alloc.o)
 .ARM.attributes
                0x00000527       0x2b /opt/devkitpro/libnds/lib/libnds9.a(console.o)
 .ARM.attributes
                0x00000552       0x2b /opt/devkitpro/libnds/lib/libnds9.a(videoGL.o)
 .ARM.attributes
                0x0000057d       0x2b /opt/devkitpro/libnds/lib/libnds9.a(sprite.o)
 .ARM.attributes
                0x000005a8       0x2b /opt/devkitpro/libnds/lib/libnds9.a(keys.o)